Component: Arm Compiler for Embedded 6.18 Tool: armlink [5e4cc100]

==============================================================================

Section Cross References

    main.o(.text) refers (Special) to _printf_percent.o(.ARM.Collect$$_printf_percent$$00000000) for _printf_percent
    main.o(.text) refers (Special) to _printf_pad.o(.text) for _printf_pre_padding
    main.o(.text) refers (Special) to _printf_d.o(.ARM.Collect$$_printf_percent$$00000009) for _printf_d
    main.o(.text) refers (Special) to _printf_dec.o(.text) for _printf_int_dec
    main.o(.text.checkEncoderLeft) refers (Special) to _printf_percent.o(.ARM.Collect$$_printf_percent$$00000000) for _printf_percent
    main.o(.text.checkEncoderLeft) refers (Special) to _printf_pad.o(.text) for _printf_pre_padding
    main.o(.text.checkEncoderLeft) refers (Special) to _printf_d.o(.ARM.Collect$$_printf_percent$$00000009) for _printf_d
    main.o(.text.checkEncoderLeft) refers (Special) to _printf_dec.o(.text) for _printf_int_dec
    main.o(.text.checkEncoderLeft) refers to stm32f7xx_hal_gpio.o(.text.HAL_GPIO_ReadPin) for HAL_GPIO_ReadPin
    main.o(.text.checkEncoderLeft) refers to stm32f7xx_hal.o(.text.HAL_Delay) for HAL_Delay
    main.o(.ARM.exidx.text.checkEncoderLeft) refers (Special) to _printf_percent.o(.ARM.Collect$$_printf_percent$$00000000) for _printf_percent
    main.o(.ARM.exidx.text.checkEncoderLeft) refers (Special) to _printf_pad.o(.text) for _printf_pre_padding
    main.o(.ARM.exidx.text.checkEncoderLeft) refers (Special) to _printf_d.o(.ARM.Collect$$_printf_percent$$00000009) for _printf_d
    main.o(.ARM.exidx.text.checkEncoderLeft) refers (Special) to _printf_dec.o(.text) for _printf_int_dec
    main.o(.ARM.exidx.text.checkEncoderLeft) refers to main.o(.text.checkEncoderLeft) for [Anonymous Symbol]
    main.o(.text.checkEncoderRight) refers (Special) to _printf_percent.o(.ARM.Collect$$_printf_percent$$00000000) for _printf_percent
    main.o(.text.checkEncoderRight) refers (Special) to _printf_pad.o(.text) for _printf_pre_padding
    main.o(.text.checkEncoderRight) refers (Special) to _printf_d.o(.ARM.Collect$$_printf_percent$$00000009) for _printf_d
    main.o(.text.checkEncoderRight) refers (Special) to _printf_dec.o(.text) for _printf_int_dec
    main.o(.text.checkEncoderRight) refers to stm32f7xx_hal_gpio.o(.text.HAL_GPIO_ReadPin) for HAL_GPIO_ReadPin
    main.o(.text.checkEncoderRight) refers to stm32f7xx_hal.o(.text.HAL_Delay) for HAL_Delay
    main.o(.ARM.exidx.text.checkEncoderRight) refers (Special) to _printf_percent.o(.ARM.Collect$$_printf_percent$$00000000) for _printf_percent
    main.o(.ARM.exidx.text.checkEncoderRight) refers (Special) to _printf_pad.o(.text) for _printf_pre_padding
    main.o(.ARM.exidx.text.checkEncoderRight) refers (Special) to _printf_d.o(.ARM.Collect$$_printf_percent$$00000009) for _printf_d
    main.o(.ARM.exidx.text.checkEncoderRight) refers (Special) to _printf_dec.o(.text) for _printf_int_dec
    main.o(.ARM.exidx.text.checkEncoderRight) refers to main.o(.text.checkEncoderRight) for [Anonymous Symbol]
    main.o(.text.wait) refers (Special) to _printf_percent.o(.ARM.Collect$$_printf_percent$$00000000) for _printf_percent
    main.o(.text.wait) refers (Special) to _printf_pad.o(.text) for _printf_pre_padding
    main.o(.text.wait) refers (Special) to _printf_d.o(.ARM.Collect$$_printf_percent$$00000009) for _printf_d
    main.o(.text.wait) refers (Special) to _printf_dec.o(.text) for _printf_int_dec
    main.o(.ARM.exidx.text.wait) refers (Special) to _printf_percent.o(.ARM.Collect$$_printf_percent$$00000000) for _printf_percent
    main.o(.ARM.exidx.text.wait) refers (Special) to _printf_pad.o(.text) for _printf_pre_padding
    main.o(.ARM.exidx.text.wait) refers (Special) to _printf_d.o(.ARM.Collect$$_printf_percent$$00000009) for _printf_d
    main.o(.ARM.exidx.text.wait) refers (Special) to _printf_dec.o(.text) for _printf_int_dec
    main.o(.ARM.exidx.text.wait) refers to main.o(.text.wait) for [Anonymous Symbol]
    main.o(.text.getDigits) refers (Special) to _printf_percent.o(.ARM.Collect$$_printf_percent$$00000000) for _printf_percent
    main.o(.text.getDigits) refers (Special) to _printf_pad.o(.text) for _printf_pre_padding
    main.o(.text.getDigits) refers (Special) to _printf_d.o(.ARM.Collect$$_printf_percent$$00000009) for _printf_d
    main.o(.text.getDigits) refers (Special) to _printf_dec.o(.text) for _printf_int_dec
    main.o(.text.getDigits) refers to main.o(.bss.getDigits.digits) for getDigits.digits
    main.o(.ARM.exidx.text.getDigits) refers (Special) to _printf_percent.o(.ARM.Collect$$_printf_percent$$00000000) for _printf_percent
    main.o(.ARM.exidx.text.getDigits) refers (Special) to _printf_pad.o(.text) for _printf_pre_padding
    main.o(.ARM.exidx.text.getDigits) refers (Special) to _printf_d.o(.ARM.Collect$$_printf_percent$$00000009) for _printf_d
    main.o(.ARM.exidx.text.getDigits) refers (Special) to _printf_dec.o(.text) for _printf_int_dec
[...]
    TIM2_IRQHandler                          0x0800042b   Thumb Code     0  startup_stm32f746xx.o(.text)
    TIM3_IRQHandler                          0x0800042b   Thumb Code     0  startup_stm32f746xx.o(.text)
    TIM4_IRQHandler                          0x0800042b   Thumb Code     0  startup_stm32f746xx.o(.text)
    TIM5_IRQHandler                          0x0800042b   Thumb Code     0  startup_stm32f746xx.o(.text)
    TIM6_DAC_IRQHandler                      0x0800042b   Thumb Code     0  startup_stm32f746xx.o(.text)
    TIM7_IRQHandler                          0x0800042b   Thumb Code     0  startup_stm32f746xx.o(.text)
    TIM8_BRK_TIM12_IRQHandler                0x0800042b   Thumb Code     0  startup_stm32f746xx.o(.text)
    TIM8_CC_IRQHandler                       0x0800042b   Thumb Code     0  startup_stm32f746xx.o(.text)
    TIM8_TRG_COM_TIM14_IRQHandler            0x0800042b   Thumb Code     0  startup_stm32f746xx.o(.text)
    TIM8_UP_TIM13_IRQHandler                 0x0800042b   Thumb Code     0  startup_stm32f746xx.o(.text)
    UART4_IRQHandler                         0x0800042b   Thumb Code     0  startup_stm32f746xx.o(.text)
    UART5_IRQHandler                         0x0800042b   Thumb Code     0  startup_stm32f746xx.o(.text)
    UART7_IRQHandler                         0x0800042b   Thumb Code     0  startup_stm32f746xx.o(.text)
    UART8_IRQHandler                         0x0800042b   Thumb Code     0  startup_stm32f746xx.o(.text)
    USART1_IRQHandler                        0x0800042b   Thumb Code     0  startup_stm32f746xx.o(.text)
    USART2_IRQHandler                        0x0800042b   Thumb Code     0  startup_stm32f746xx.o(.text)
    USART3_IRQHandler                        0x0800042b   Thumb Code     0  startup_stm32f746xx.o(.text)
    USART6_IRQHandler                        0x0800042b   Thumb Code     0  startup_stm32f746xx.o(.text)
    WWDG_IRQHandler                          0x0800042b   Thumb Code     0  startup_stm32f746xx.o(.text)
    __user_initial_stackheap                 0x0800042d   Thumb Code     0  startup_stm32f746xx.o(.text)
    __user_libspace                          0x08000451   Thumb Code     8  libspace.o(.text)
    __user_perproc_libspace                  0x08000451   Thumb Code     0  libspace.o(.text)
    __aeabi_uldivmod                         0x08000459   Thumb Code     0  lludivv7m.o(.text)
    _ll_udiv                                 0x08000459   Thumb Code   240  lludivv7m.o(.text)
    __2sprintf                               0x08000549   Thumb Code    34  noretval__2sprintf.o(.text)
    _printf_pre_padding                      0x08000571   Thumb Code    44  _printf_pad.o(.text)
    _printf_post_padding                     0x0800059d   Thumb Code    34  _printf_pad.o(.text)
    _printf_int_dec                          0x080005c1   Thumb Code   104  _printf_dec.o(.text)
    __printf                                 0x08000639   Thumb Code   270  __printf_wp.o(.text)
    __use_two_region_memory                  0x08000747   Thumb Code     2  heapauxi.o(.text)
    __rt_heap_escrow$2region                 0x08000749   Thumb Code     2  heapauxi.o(.text)
    __rt_heap_expand$2region                 0x0800074b   Thumb Code     2  heapauxi.o(.text)
    __read_errno                             0x0800074d   Thumb Code    10  _rserrno.o(.text)
    __set_errno                              0x08000757   Thumb Code    12  _rserrno.o(.text)
    _printf_int_common                       0x08000763   Thumb Code   178  _printf_intcommon.o(.text)
    _printf_char_common                      0x0800081f   Thumb Code    32  _printf_char_common.o(.text)
    _sputc                                   0x08000845   Thumb Code    10  _sputc.o(.text)
    __aeabi_errno_addr                       0x0800084f   Thumb Code     4  rt_errno_addr_twolibspace.o(.text)
    __errno$twolibspace                      0x0800084f   Thumb Code     0  rt_errno_addr_twolibspace.o(.text)
    __rt_errno_addr$twolibspace              0x0800084f   Thumb Code     0  rt_errno_addr_twolibspace.o(.text)
    __user_setup_stackheap                   0x08000853   Thumb Code    74  sys_stackheap_outer.o(.text)
    exit                                     0x0800089d   Thumb Code    18  exit.o(.text)
    _sys_exit                                0x080008b1   Thumb Code     8  sys_exit.o(.text)
    __I$use$semihosting                      0x080008bd   Thumb Code     0  use_no_semi.o(.text)
    __use_no_semihosting_swi                 0x080008bd   Thumb Code     2  use_no_semi.o(.text)
    __semihosting_library_function           0x080008bf   Thumb Code     0  indicate_semi.o(.text)
    BSP_SDRAM_Init                           0x080008c1   Thumb Code   276  stm32746g_discovery_sdram.o(.text.BSP_SDRAM_Init)
    BSP_SDRAM_MspInit                        0x080009d9   Thumb Code   376  stm32746g_discovery_sdram.o(.text.BSP_SDRAM_MspInit)
    BSP_TS_GetState                          0x08000b51   Thumb Code   468  stm32746g_discovery_ts.o(.text.BSP_TS_GetState)
    BSP_TS_Init                              0x08000d29   Thumb Code    82  stm32746g_discovery_ts.o(.text.BSP_TS_Init)
    FMC_SDRAM_Init                           0x08000d81   Thumb Code   150  stm32f7xx_ll_fmc.o(.text.FMC_SDRAM_Init)
    FMC_SDRAM_ProgramRefreshRate             0x08000e19   Thumb Code    14  stm32f7xx_ll_fmc.o(.text.FMC_SDRAM_ProgramRefreshRate)
    FMC_SDRAM_SendCommand                    0x08000e29   Thumb Code    46  stm32f7xx_ll_fmc.o(.text.FMC_SDRAM_SendCommand)
    FMC_SDRAM_Timing_Init                    0x08000e59   Thumb Code   220  stm32f7xx_ll_fmc.o(.text.FMC_SDRAM_Timing_Init)
    GLCD_ClearScreen                         0x08000f39   Thumb Code    48  glcd_746g_discovery.o(.text.GLCD_ClearScreen)
    GLCD_DrawHLine                           0x08000f69   Thumb Code    48  glcd_746g_discovery.o(.text.GLCD_DrawHLine)
    GLCD_DrawPixel                           0x08000f99   Thumb Code    34  glcd_746g_discovery.o(.text.GLCD_DrawPixel)
    GLCD_DrawRectangle                       0x08000fc1   Thumb Code   146  glcd_746g_discovery.o(.text.GLCD_DrawRectangle)
    GLCD_DrawString                          0x08001059   Thumb Code   206  glcd_746g_discovery.o(.text.GLCD_DrawString)
    GLCD_DrawVLine                           0x08001129   Thumb Code    54  glcd_746g_discovery.o(.text.GLCD_DrawVLine)
    GLCD_Initialize                          0x08001161   Thumb Code   460  glcd_746g_discovery.o(.text.GLCD_Initialize)
    GLCD_SetBackgroundColor                  0x08001331   Thumb Code    16  glcd_746g_discovery.o(.text.GLCD_SetBackgroundColor)
    GLCD_SetFont                             0x08001341   Thumb Code    16  glcd_746g_discovery.o(.text.GLCD_SetFont)
    GLCD_SetForegroundColor                  0x08001351   Thumb Code    16  glcd_746g_discovery.o(.text.GLCD_SetForegroundColor)
    HAL_DMA_DeInit                           0x08001361   Thumb Code   136  stm32f7xx_hal_dma.o(.text.HAL_DMA_DeInit)
    HAL_DMA_Init                             0x080013e9   Thumb Code   320  stm32f7xx_hal_dma.o(.text.HAL_DMA_Init)
    HAL_Delay                                0x08001529   Thumb Code    40  stm32f7xx_hal.o(.text.HAL_Delay)
    HAL_GPIO_Init                            0x08001551   Thumb Code   418  stm32f7xx_hal_gpio.o(.text.HAL_GPIO_Init)
    HAL_GPIO_ReadPin                         0x080016f9   Thumb Code    10  stm32f7xx_hal_gpio.o(.text.HAL_GPIO_ReadPin)
    HAL_GPIO_WritePin                        0x08001709   Thumb Code    10  stm32f7xx_hal_gpio.o(.text.HAL_GPIO_WritePin)
    HAL_GetTick                              0x08001719   Thumb Code    12  main.o(.text.HAL_GetTick)
    HAL_I2CEx_ConfigAnalogFilter             0x08001729   Thumb Code    74  stm32f7xx_hal_i2c_ex.o(.text.HAL_I2CEx_ConfigAnalogFilter)
    HAL_I2CEx_ConfigDigitalFilter            0x08001779   Thumb Code    72  stm32f7xx_hal_i2c_ex.o(.text.HAL_I2CEx_ConfigDigitalFilter)
    HAL_I2C_DeInit                           0x080017c1   Thumb Code    52  stm32f7xx_hal_i2c.o(.text.HAL_I2C_DeInit)
    HAL_I2C_GetState                         0x080017f9   Thumb Code     6  stm32f7xx_hal_i2c.o(.text.HAL_I2C_GetState)
    HAL_I2C_Init                             0x08001801   Thumb Code   162  stm32f7xx_hal_i2c.o(.text.HAL_I2C_Init)
    HAL_I2C_Mem_Read                         0x080018a9   Thumb Code   538  stm32f7xx_hal_i2c.o(.text.HAL_I2C_Mem_Read)
    HAL_I2C_Mem_Write                        0x08001ac9   Thumb Code   522  stm32f7xx_hal_i2c.o(.text.HAL_I2C_Mem_Write)
    HAL_I2C_MspDeInit                        0x08001cd9   Thumb Code     2  stm32f7xx_hal_i2c.o(.text.HAL_I2C_MspDeInit)
    HAL_I2C_MspInit                          0x08001ce1   Thumb Code     2  stm32f7xx_hal_i2c.o(.text.HAL_I2C_MspInit)
    HAL_Init                                 0x08001ce9   Thumb Code    46  stm32f7xx_hal.o(.text.HAL_Init)
    HAL_InitTick                             0x08001d19   Thumb Code    80  stm32f7xx_hal.o(.text.HAL_InitTick)
    HAL_LTDC_ConfigLayer                     0x08001d69   Thumb Code   118  stm32f7xx_hal_ltdc.o(.text.HAL_LTDC_ConfigLayer)
    HAL_LTDC_Init                            0x08001de1   Thumb Code   220  stm32f7xx_hal_ltdc.o(.text.HAL_LTDC_Init)
    HAL_LTDC_MspInit                         0x08001ec1   Thumb Code     2  stm32f7xx_hal_ltdc.o(.text.HAL_LTDC_MspInit)
    HAL_MspInit                              0x08001ec9   Thumb Code     2  stm32f7xx_hal.o(.text.HAL_MspInit)
    HAL_NVIC_EnableIRQ                       0x08001ed1   Thumb Code    32  stm32f7xx_hal_cortex.o(.text.HAL_NVIC_EnableIRQ)
    HAL_NVIC_SetPriority                     0x08001ef1   Thumb Code    94  stm32f7xx_hal_cortex.o(.text.HAL_NVIC_SetPriority)
    HAL_NVIC_SetPriorityGrouping             0x08001f51   Thumb Code    32  stm32f7xx_hal_cortex.o(.text.HAL_NVIC_SetPriorityGrouping)
    HAL_RCCEx_PeriphCLKConfig                0x08001f71   Thumb Code  1382  stm32f7xx_hal_rcc_ex.o(.text.HAL_RCCEx_PeriphCLKConfig)
    HAL_RCC_ClockConfig                      0x080024d9   Thumb Code   466  stm32f7xx_hal_rcc.o(.text.HAL_RCC_ClockConfig)
    HAL_RCC_OscConfig                        0x080026b1   Thumb Code   836  stm32f7xx_hal_rcc.o(.text.HAL_RCC_OscConfig)
    HAL_SDRAM_Init                           0x080029f9   Thumb Code    64  stm32f7xx_hal_sdram.o(.text.HAL_SDRAM_Init)
    HAL_SDRAM_MspInit                        0x08002a39   Thumb Code     2  stm32f7xx_hal_sdram.o(.text.HAL_SDRAM_MspInit)
    HAL_SDRAM_ProgramRefreshRate             0x08002a41   Thumb Code    38  stm32f7xx_hal_sdram.o(.text.HAL_SDRAM_ProgramRefreshRate)
    HAL_SDRAM_SendCommand                    0x08002a69   Thumb Code    50  stm32f7xx_hal_sdram.o(.text.HAL_SDRAM_SendCommand)
    HAL_SYSTICK_Config                       0x08002aa1   Thumb Code    44  stm32f7xx_hal_cortex.o(.text.HAL_SYSTICK_Config)
    HAL_TIMEx_MasterConfigSynchronization    0x08002ad1   Thumb Code   204  stm32f7xx_hal_tim_ex.o(.text.HAL_TIMEx_MasterConfigSynchronization)
    HAL_TIM_Base_Init                        0x08002ba1   Thumb Code    96  stm32f7xx_hal_tim.o(.text.HAL_TIM_Base_Init)
    HAL_TIM_Base_MspInit                     0x08002c01   Thumb Code     2  stm32f7xx_hal_tim.o(.text.HAL_TIM_Base_MspInit)
    MPU6050_Init                             0x08003159   Thumb Code   160  main.o(.text.MPU6050_Init)
    SystemInit                               0x080031f9   Thumb Code    18  system_stm32f7xx.o(.text.SystemInit)
    TIM_Base_SetConfig                       0x08003211   Thumb Code   296  stm32f7xx_hal_tim.o(.text.TIM_Base_SetConfig)
    TS_IO_Delay                              0x08003339   Thumb Code     8  stm32746g_discovery.o(.text.TS_IO_Delay)
    TS_IO_Init                               0x08003341   Thumb Code    16  stm32746g_discovery.o(.text.TS_IO_Init)
    TS_IO_Read                               0x08003351   Thumb Code    74  stm32746g_discovery.o(.text.TS_IO_Read)
    TS_IO_Write                              0x080033a1   Thumb Code    70  stm32746g_discovery.o(.text.TS_IO_Write)
    Touch_GetState                           0x080033e9   Thumb Code    58  touch_746g_discovery.o(.text.Touch_GetState)
    Touch_Initialize                         0x08003429   Thumb Code    24  touch_746g_discovery.o(.text.Touch_Initialize)
    __user_perthread_libspace                0x08003441   Thumb Code    58  rtx_conf_cm.o(.text.__user_perthread_libspace)
    _mutex_acquire                           0x08003481   Thumb Code    34  rtx_conf_cm.o(.text._mutex_acquire)
    _mutex_release                           0x080034a9   Thumb Code    30  rtx_conf_cm.o(.text._mutex_release)
    _platform_post_lib_init                  0x080034c9   Thumb Code    26  rtx_conf_cm.o(.text._platform_post_lib_init)
    checkCoordsSettings                      0x080034e9   Thumb Code   202  main.o(.text.checkCoordsSettings)
    checkEncoderLeft                         0x080035b9   Thumb Code   136  main.o(.text.checkEncoderLeft)
    checkEncoderRight                        0x08003641   Thumb Code   136  main.o(.text.checkEncoderRight)
    convertAcc                               0x080036c9   Thumb Code   408  main.o(.text.convertAcc)
    displayDisChevronsLeft                   0x08003861   Thumb Code  2606  main.o(.text.displayDisChevronsLeft)
    displayDisChevronsRight                  0x08004291   Thumb Code  2646  main.o(.text.displayDisChevronsRight)
    drawCircle                               0x08004ce9   Thumb Code   300  main.o(.text.drawCircle)
    drawDiagonalLine                         0x08004e19   Thumb Code   342  main.o(.text.drawDiagonalLine)
    fillChevron                              0x08004f71   Thumb Code   224  main.o(.text.fillChevron)
    fillPalette                              0x08005051   Thumb Code   256  main.o(.text.fillPalette)
    ft5336_Init                              0x08005151   Thumb Code    34  ft5336.o(.text.ft5336_Init)
    ft5336_ReadID                            0x08005179   Thumb Code    82  ft5336.o(.text.ft5336_ReadID)
    ft5336_Reset                             0x080051d1   Thumb Code     2  ft5336.o(.text.ft5336_Reset)
    ft5336_TS_ClearIT                        0x080051d9   Thumb Code     2  ft5336.o(.text.ft5336_TS_ClearIT)
    ft5336_TS_DetectTouch                    0x080051e1   Thumb Code    78  ft5336.o(.text.ft5336_TS_DetectTouch)
    ft5336_TS_DisableIT                      0x08005231   Thumb Code    14  ft5336.o(.text.ft5336_TS_DisableIT)
    ft5336_TS_EnableIT                       0x08005241   Thumb Code    14  ft5336.o(.text.ft5336_TS_EnableIT)
    ft5336_TS_GetGestureID                   0x08005251   Thumb Code    34  ft5336.o(.text.ft5336_TS_GetGestureID)
    ft5336_TS_GetTouchInfo                   0x08005279   Thumb Code   142  ft5336.o(.text.ft5336_TS_GetTouchInfo)
    ft5336_TS_GetXY                          0x08005309   Thumb Code   216  ft5336.o(.text.ft5336_TS_GetXY)
    ft5336_TS_ITStatus                       0x080053e1   Thumb Code     4  ft5336.o(.text.ft5336_TS_ITStatus)
    ft5336_TS_Start                          0x080053e9   Thumb Code    14  ft5336.o(.text.ft5336_TS_Start)
    highlightColour                          0x080053f9   Thumb Code  1068  main.o(.text.highlightColour)
    highlightDistUnit                        0x08005829   Thumb Code   268  main.o(.text.highlightDistUnit)
    highlightTempUnit                        0x08005939   Thumb Code   252  main.o(.text.highlightTempUnit)
    main                                     0x08005a39   Thumb Code  2426  main.o(.text.main)
    mainScreen                               0x080063b9   Thumb Code   568  main.o(.text.mainScreen)
    os_error                                 0x08006609   Thumb Code     2  rtx_conf_cm.o(.text.os_error)
    os_idle_demon                            0x08006611   Thumb Code     2  rtx_conf_cm.o(.text.os_idle_demon)
    settingsScreen                           0x08006619   Thumb Code  1432  main.o(.text.settingsScreen)
    SVC_Count                                0x08006c28   Data           4  svc_table.o(SVC_TABLE)
    SVC_Table                                0x08006c2c   Data           0  svc_table.o(SVC_TABLE)
    __ARM_fpclassify                         0x08006c2d   Thumb Code    48  fpclassify.o(i.__ARM_fpclassify)
    __hardfp_atan                            0x08006c61   Thumb Code   622  atan.o(i.__hardfp_atan)
    __hardfp_cos                             0x08006f39   Thumb Code   180  cos.o(i.__hardfp_cos)
    __hardfp_sin                             0x08007001   Thumb Code   180  sin.o(i.__hardfp_sin)
    __hardfp_sqrt                            0x080070c9   Thumb Code   122  sqrt.o(i.__hardfp_sqrt)
    __ieee754_rem_pio2                       0x08007149   Thumb Code   938  rred.o(i.__ieee754_rem_pio2)
    __kernel_cos                             0x08007581   Thumb Code   322  cos_i.o(i.__kernel_cos)
    __kernel_poly                            0x080076f1   Thumb Code   248  poly.o(i.__kernel_poly)
    __kernel_sin                             0x080077e9   Thumb Code   280  sin_i.o(i.__kernel_sin)
    __mathlib_dbl_infnan                     0x08007919   Thumb Code    20  dunder.o(i.__mathlib_dbl_infnan)
    __mathlib_dbl_invalid                    0x08007931   Thumb Code    24  dunder.o(i.__mathlib_dbl_invalid)
    __mathlib_dbl_underflow                  0x08007951   Thumb Code    24  dunder.o(i.__mathlib_dbl_underflow)
    _init_box                                0x08007971   Thumb Code    70  rt_membox.o(i._init_box)
    _is_digit                                0x080079b7   Thumb Code    14  __printf_wp.o(i._is_digit)
    dbg_init                                 0x080079c5   Thumb Code    34  hal_cm.o(i.dbg_init)
    dbg_task_notify                          0x080079f5   Thumb Code    32  hal_cm.o(i.dbg_task_notify)
    dbg_task_switch                          0x08007a15   Thumb Code    16  hal_cm.o(i.dbg_task_switch)
    fabs                                     0x08007a25   Thumb Code    24  fabs.o(i.fabs)
    isrMessageGet                            0x08007a3d   Thumb Code    42  rt_cmsis.o(i.isrMessageGet)
    isrMessagePut                            0x08007a67   Thumb Code    44  rt_cmsis.o(i.isrMessagePut)
    isr_mbx_receive                          0x08007a95   Thumb Code    86  rt_mailbox.o(i.isr_mbx_receive)
    isr_mbx_send                             0x08007aeb   Thumb Code    14  rt_mailbox.o(i.isr_mbx_send)
    osKernelInitialize                       0x08007af9   Thumb Code    30  rt_cmsis.o(i.osKernelInitialize)
    osKernelStart                            0x08007b1d   Thumb Code    98  rt_cmsis.o(i.osKernelStart)
    osMessageGet                             0x08007b89   Thumb Code    18  rt_cmsis.o(i.osMessageGet)
    osThreadCreate                           0x08007ba1   Thumb Code    36  rt_cmsis.o(i.osThreadCreate)
    osThreadExit                             0x08007bcd   Thumb Code    14  rt_cmsis.o(i.osThreadExit)
    osTimerCall                              0x08007be5   Thumb Code     8  rt_cmsis.o(i.osTimerCall)
    osTimerThread                            0x08007bf1   Thumb Code    38  rt_cmsis.o(i.osTimerThread)
    os_tick_init                             0x08007c1d   Thumb Code    32  rt_system.o(i.os_tick_init)
    os_tick_irqack                           0x08007c45   Thumb Code     2  rt_system.o(i.os_tick_irqack)
    rt_alloc_box                             0x08007c47   Thumb Code    26  rt_membox.o(i.rt_alloc_box)
    rt_alloc_mem                             0x08007c61   Thumb Code    62  rt_memory.o(i.rt_alloc_mem)
    rt_block                                 0x08007ca1   Thumb Code    48  rt_task.o(i.rt_block)
    rt_chk_robin                             0x08007cd9   Thumb Code    60  rt_robin.o(i.rt_chk_robin)
    rt_dec_dly                               0x08007d21   Thumb Code   102  rt_list.o(i.rt_dec_dly)
    rt_dispatch                              0x08007d91   Thumb Code    60  rt_task.o(i.rt_dispatch)
    rt_evt_psh                               0x08007dd5   Thumb Code    76  rt_event.o(i.rt_evt_psh)
    rt_free_box                              0x08007e25   Thumb Code    44  rt_membox.o(i.rt_free_box)
    rt_free_mem                              0x08007e51   Thumb Code    40  rt_memory.o(i.rt_free_mem)
    rt_get_first                             0x08007e79   Thumb Code    40  rt_list.o(i.rt_get_first)
    rt_init_mem                              0x08007ef1   Thumb Code    26  rt_memory.o(i.rt_init_mem)
    rt_init_robin                            0x08007f0d   Thumb Code    14  rt_robin.o(i.rt_init_robin)
    rt_init_stack                            0x08007f25   Thumb Code   118  hal_cm.o(i.rt_init_stack)
    rt_mbx_check                             0x08007fa5   Thumb Code     8  rt_mailbox.o(i.rt_mbx_check)
    rt_mbx_init                              0x08007fad   Thumb Code    26  rt_mailbox.o(i.rt_mbx_init)
    rt_mbx_psh                               0x08007fc9   Thumb Code   236  rt_mailbox.o(i.rt_mbx_psh)
    rt_mbx_wait                              0x080080b9   Thumb Code   174  rt_mailbox.o(i.rt_mbx_wait)
    rt_mut_release                           0x080081b1   Thumb Code   208  rt_mutex.o(i.rt_mut_release)
    rt_mut_wait                              0x08008289   Thumb Code   114  rt_mutex.o(i.rt_mut_wait)
    rt_pop_req                               0x08008301   Thumb Code   112  rt_system.o(i.rt_pop_req)
    rt_psh_req                               0x0800837d   Thumb Code    22  rt_system.o(i.rt_psh_req)
    rt_psq_enq                               0x0800839d   Thumb Code    88  rt_list.o(i.rt_psq_enq)
    rt_put_dly                               0x080083f9   Thumb Code    68  rt_list.o(i.rt_put_dly)
    rt_put_prio                              0x08008441   Thumb Code    54  rt_list.o(i.rt_put_prio)
    rt_put_rdy_first                         0x08008479   Thumb Code    14  rt_list.o(i.rt_put_rdy_first)
    rt_resort_prio                           0x0800848d   Thumb Code    46  rt_list.o(i.rt_resort_prio)
    rt_ret_val                               0x080084d1   Thumb Code    12  hal_cm.o(i.rt_ret_val)
    rt_ret_val2                              0x080084dd   Thumb Code    16  hal_cm.o(i.rt_ret_val2)
    rt_rmv_dly                               0x080084ed   Thumb Code    40  rt_list.o(i.rt_rmv_dly)
    rt_rmv_list                              0x08008515   Thumb Code    44  rt_list.o(i.rt_rmv_list)
    rt_sem_psh                               0x08008545   Thumb Code    48  rt_semaphore.o(i.rt_sem_psh)
    rt_stk_check                             0x08008579   Thumb Code    28  rt_system.o(i.rt_stk_check)
    rt_switch_req                            0x0800859d   Thumb Code    30  rt_task.o(i.rt_switch_req)
    rt_sys_init                              0x080085c5   Thumb Code   138  rt_task.o(i.rt_sys_init)
    rt_sys_start                             0x08008691   Thumb Code   110  rt_task.o(i.rt_sys_start)
    rt_systick                               0x08008709   Thumb Code    50  rt_system.o(i.rt_systick)
    rt_tsk_create                            0x08008791   Thumb Code   118  rt_task.o(i.rt_tsk_create)
    rt_tsk_delete                            0x08008819   Thumb Code   352  rt_task.o(i.rt_tsk_delete)
    rt_tsk_prio                              0x08008995   Thumb Code   108  rt_task.o(i.rt_tsk_prio)
    rt_tsk_self                              0x08008a11   Thumb Code    12  rt_task.o(i.rt_tsk_self)
    svcKernelInitialize                      0x08008a21   Thumb Code    80  rt_cmsis.o(i.svcKernelInitialize)
    svcKernelStart                           0x08008a91   Thumb Code    62  rt_cmsis.o(i.svcKernelStart)
    svcMessageCreate                         0x08008ad9   Thumb Code    36  rt_cmsis.o(i.svcMessageCreate)
    svcMessageGet                            0x08008afd   Thumb Code    58  rt_cmsis.o(i.svcMessageGet)
    svcThreadCreate                          0x08008b39   Thumb Code    96  rt_cmsis.o(i.svcThreadCreate)
    svcThreadGetId                           0x08008ba5   Thumb Code    22  rt_cmsis.o(i.svcThreadGetId)
    svcThreadTerminate                       0x08008bc1   Thumb Code    50  rt_cmsis.o(i.svcThreadTerminate)
    svcTimerCall                             0x08008bf9   Thumb Code    24  rt_cmsis.o(i.svcTimerCall)
    sysTimerTick                             0x08008c11   Thumb Code    84  rt_cmsis.o(i.sysTimerTick)
    __aeabi_dneg                             0x08008c6d   Thumb Code     0  basic.o(x$fpl$basic)
    _dneg                                    0x08008c6d   Thumb Code     6  basic.o(x$fpl$basic)
    __aeabi_fneg                             0x08008c73   Thumb Code     0  basic.o(x$fpl$basic)
    _fneg                                    0x08008c73   Thumb Code     6  basic.o(x$fpl$basic)
    _dabs                                    0x08008c79   Thumb Code     6  basic.o(x$fpl$basic)
    _fabs                                    0x08008c7f   Thumb Code     6  basic.o(x$fpl$basic)
    __aeabi_d2f                              0x08008c85   Thumb Code     0  d2f.o(x$fpl$d2f)
    _d2f                                     0x08008c85   Thumb Code    98  d2f.o(x$fpl$d2f)
    __aeabi_dadd                             0x08008ce9   Thumb Code     0  daddsub_clz.o(x$fpl$dadd)
    _dadd                                    0x08008ce9   Thumb Code   332  daddsub_clz.o(x$fpl$dadd)
    __aeabi_ddiv                             0x08008e39   Thumb Code     0  ddiv.o(x$fpl$ddiv)
    _ddiv                                    0x08008e39   Thumb Code   556  ddiv.o(x$fpl$ddiv)
    __aeabi_d2iz                             0x080090ed   Thumb Code     0  dfix.o(x$fpl$dfix)
    _dfix                                    0x080090ed   Thumb Code    94  dfix.o(x$fpl$dfix)
    __aeabi_i2d                              0x0800914b   Thumb Code     0  dflt_clz.o(x$fpl$dflt)
    _dflt                                    0x0800914b   Thumb Code    46  dflt_clz.o(x$fpl$dflt)
    __aeabi_ui2d                             0x08009179   Thumb Code     0  dflt_clz.o(x$fpl$dfltu)
    _dfltu                                   0x08009179   Thumb Code    38  dflt_clz.o(x$fpl$dfltu)
    __aeabi_dmul                             0x080091a1   Thumb Code     0  dmul.o(x$fpl$dmul)
    _dmul                                    0x080091a1   Thumb Code   332  dmul.o(x$fpl$dmul)
    __fpl_dnaninf                            0x080092f5   Thumb Code   156  dnaninf.o(x$fpl$dnaninf)
    __fpl_dretinf                            0x08009391   Thumb Code    12  dretinf.o(x$fpl$dretinf)
    __aeabi_drsub                            0x0800939d   Thumb Code     0  daddsub_clz.o(x$fpl$drsb)
    _drsb                                    0x0800939d   Thumb Code    22  daddsub_clz.o(x$fpl$drsb)
    _dsqrt                                   0x080093b5   Thumb Code   404  dsqrt_umaal.o(x$fpl$dsqrt)
    __aeabi_dsub                             0x0800954d   Thumb Code     0  daddsub_clz.o(x$fpl$dsub)
    _dsub                                    0x0800954d   Thumb Code   472  daddsub_clz.o(x$fpl$dsub)
    __aeabi_f2d                              0x08009729   Thumb Code     0  f2d.o(x$fpl$f2d)
    _f2d                                     0x08009729   Thumb Code    86  f2d.o(x$fpl$f2d)
    __fpl_fnaninf                            0x0800977f   Thumb Code   140  fnaninf.o(x$fpl$fnaninf)
    _fp_init                                 0x0800980b   Thumb Code    26  fpinit.o(x$fpl$fpinit)
    __fplib_config_fpu_vfp                   0x08009823   Thumb Code     0  fpinit.o(x$fpl$fpinit)
    __fplib_config_pureend_doubles           0x08009823   Thumb Code     0  fpinit.o(x$fpl$fpinit)
    __fpl_fretinf                            0x08009825   Thumb Code    10  fretinf.o(x$fpl$fretinf)
    __I$use$fp                               0x0800982e   Number         0  usenofp.o(x$fpl$usenofp)
    AHBPrescTable                            0x080099f0   Data          16  system_stm32f7xx.o(.rodata.AHBPrescTable)
    CMSIS_RTOS_API_Version                   0x08009a00   Data           4  rtx_conf_cm.o(.rodata.CMSIS_RTOS_API_Version)
    CMSIS_RTOS_RTX_Version                   0x08009a04   Data           4  rtx_conf_cm.o(.rodata.CMSIS_RTOS_RTX_Version)
    GLCD_Font_16x24                          0x0800af08   Data          16  glcd_fonts.o(.rodata.GLCD_Font_16x24)
    mp_stk_size                              0x0800af40   Data           4  rtx_conf_cm.o(.rodata.mp_stk_size)
    mp_tcb_size                              0x0800af44   Data           2  rtx_conf_cm.o(.rodata.mp_tcb_size)
    mp_tmr_size                              0x0800af46   Data           2  rtx_conf_cm.o(.rodata.mp_tmr_size)
    os_clockrate                             0x0800af48   Data           4  rtx_conf_cm.o(.rodata.os_clockrate)
    os_fifo_size                             0x0800af4c   Data           1  rtx_conf_cm.o(.rodata.os_fifo_size)
    os_flags                                 0x0800af4d   Data           1  rtx_conf_cm.o(.rodata.os_flags)
    os_maxtaskrun                            0x0800af4e   Data           2  rtx_conf_cm.o(.rodata.os_maxtaskrun)
    os_messageQ_def_osTimerMessageQ          0x0800af50   Data           8  rtx_conf_cm.o(.rodata.os_messageQ_def_osTimerMessageQ)
    os_rrobin                                0x0800af58   Data           4  rtx_conf_cm.o(.rodata.os_rrobin)
    os_stack_sz                              0x0800af5c   Data           4  rtx_conf_cm.o(.rodata.os_stack_sz)
    os_stackinfo                             0x0800af60   Data           4  rtx_conf_cm.o(.rodata.os_stackinfo)
    os_thread_def_main                       0x0800af64   Data          16  rtx_conf_cm.o(.rodata.os_thread_def_main)
    os_thread_def_osTimerThread              0x0800af74   Data          16  rtx_conf_cm.o(.rodata.os_thread_def_osTimerThread)
    os_timernum                              0x0800af84   Data           4  rtx_conf_cm.o(.rodata.os_timernum)
    os_trv                                   0x0800af88   Data           4  rtx_conf_cm.o(.rodata.os_trv)
    Region$$Table$$Base                      0x0800afa0   Number         0  anon$$obj.o(Region$$Table)
    Region$$Table$$Limit                     0x0800afc0   Number         0  anon$$obj.o(Region$$Table)
    __ARM_use_no_argv                        0x20010000   Data           4  main.o(.ARM.use_no_argv)
    os_initialized                           0x20010004   Data           1  rt_cmsis.o(.data)
    os_running                               0x20010005   Data           1  rt_cmsis.o(.data)
    os_timer_head                            0x20010008   Data           4  rt_cmsis.o(.data)
    os_tsk                                   0x2001000c   Data           8  rt_task.o(.data)
    os_time                                  0x20010014   Data           4  rt_time.o(.data)
    os_tick_irqn                             0x2001001c   Data           4  rt_system.o(.data)
    os_robin                                 0x20010020   Data           8  rt_robin.o(.data)
    dbg_msg                                  0x20010028   Data           1  hal_cm.o(.data)
    SystemCoreClock                          0x2001002c   Data           4  system_stm32f7xx.o(.data.SystemCoreClock)
    circX                                    0x20010034   Data           4  main.o(.data.circX)
    circY                                    0x20010038   Data           4  main.o(.data.circY)
    ft5336_ts_drv                            0x2001003c   Data          40  ft5336.o(.data.ft5336_ts_drv)
    uwTickFreq                               0x20010064   Data           1  stm32f7xx_hal.o(.data.uwTickFreq)
    uwTickPrio                               0x20010068   Data           4  stm32f7xx_hal.o(.data.uwTickPrio)
    os_idle_TCB                              0x20010070   Data          52  rt_task.o(.bss)
    os_rdy                                   0x200100a4   Data          24  rt_list.o(.bss)
    os_dly                                   0x200100bc   Data          24  rt_list.o(.bss)
    __libspace_start                         0x200100d4   Data          96  libspace.o(.bss)
    Accel_X_RAW                              0x20010134   Data           2  main.o(.bss.Accel_X_RAW)
    __temporary_stack_top$libspace           0x20010134   Data           0  libspace.o(.bss)
    Accel_Y_RAW                              0x20010136   Data           2  main.o(.bss.Accel_Y_RAW)
    Accel_Z_RAW                              0x20010138   Data           2  main.o(.bss.Accel_Z_RAW)
    Ax                                       0x2001013c   Data           4  main.o(.bss.Ax)
    Ay                                       0x20010140   Data           4  main.o(.bss.Ay)
    Az                                       0x20010144   Data           4  main.o(.bss.Az)
    Gx                                       0x200101e4   Data           4  main.o(.bss.Gx)
    Gy                                       0x200101e8   Data           4  main.o(.bss.Gy)
    Gyro_X_RAW                               0x200101ec   Data           2  main.o(.bss.Gyro_X_RAW)
    Gyro_Y_RAW                               0x200101ee   Data           2  main.o(.bss.Gyro_Y_RAW)
    Gyro_Z_RAW                               0x200101f0   Data           2  main.o(.bss.Gyro_Z_RAW)
    Gz                                       0x200101f4   Data           4  main.o(.bss.Gz)
    colour1                                  0x200102c4   Data           4  main.o(.bss.colour1)
    colour2                                  0x200102c8   Data           4  main.o(.bss.colour2)
    colourScheme                             0x200102cc   Data           2  main.o(.bss.colourScheme)
    currentDistLeft                          0x200102d0   Data           4  main.o(.bss.currentDistLeft)
    currentDistRight                         0x200102d4   Data           4  main.o(.bss.currentDistRight)
    distLeft                                 0x200102d8   Data           2  main.o(.bss.distLeft)
    distRight                                0x200102da   Data           2  main.o(.bss.distRight)
    distUnit                                 0x200102dc   Data           2  main.o(.bss.distUnit)
    hi2c1                                    0x20010344   Data          76  main.o(.bss.hi2c1)
    htim2                                    0x20010390   Data          76  main.o(.bss.htim2)
    m_tmr                                    0x200103dc   Data           4  rtx_conf_cm.o(.bss.m_tmr)
    mp_stk                                   0x200103e0   Data        1216  rtx_conf_cm.o(.bss.mp_stk)
    mp_tcb                                   0x200108a0   Data         376  rtx_conf_cm.o(.bss.mp_tcb)
    osMessageQId_osTimerMessageQ             0x20010a18   Data           4  rtx_conf_cm.o(.bss.osMessageQId_osTimerMessageQ)
    osThreadId_osTimerThread                 0x20010a1c   Data           4  rtx_conf_cm.o(.bss.osThreadId_osTimerThread)
    os_active_TCB                            0x20010a20   Data          28  rtx_conf_cm.o(.bss.os_active_TCB)
    os_fifo                                  0x20010a3c   Data         132  rtx_conf_cm.o(.bss.os_fifo)
    os_messageQ_q_osTimerMessageQ            0x20010ac0   Data          32  rtx_conf_cm.o(.bss.os_messageQ_q_osTimerMessageQ)
    os_stack_mem                             0x20010ae0   Data         432  rtx_conf_cm.o(.bss.os_stack_mem)
    pitch                                    0x20010c90   Data           4  main.o(.bss.pitch)
    roll                                     0x20010c94   Data           4  main.o(.bss.roll)
    sdramHandle                              0x20010c98   Data          52  stm32746g_discovery_sdram.o(.bss.sdramHandle)
    tempUnit                                 0x20010f6c   Data           2  main.o(.bss.tempUnit)
    temperature                              0x20010f6e   Data           2  main.o(.bss.temperature)
    yaw                                      0x20010f78   Data           4  main.o(.bss.yaw)



==============================================================================

Memory Map of the image

  Image Entry point : 0x08000411

  Load Region LR_1 (Base: 0x08000000, Size: 0x0000b02c, Max: 0xffffffff, ABSOLUTE)

    Execution Region ER_RO (Exec base: 0x08000000, Load base: 0x08000000, Size: 0x0000afc0, Max: 0xffffffff, ABSOLUTE)

    Exec Addr    Load Addr    Size         Type   Attr      Idx    E Section Name        Object

    0x08000000   0x08000000   0x000001c8   Data   RO         1591    RESET               startup_stm32f746xx.o
    0x080001c8   0x080001c8   0x00000008   Code   RO         2871  * !!!main             c_w.l(__main.o)
    0x080001d0   0x080001d0   0x00000034   Code   RO         3159    !!!scatter          c_w.l(__scatter.o)
    0x08000204   0x08000204   0x0000001a   Code   RO         3161    !!handler_copy      c_w.l(__scatter_copy.o)
    0x0800021e   0x0800021e   0x00000002   PAD
    0x08000220   0x08000220   0x0000001c   Code   RO         3163    !!handler_zi        c_w.l(__scatter_zi.o)
    0x0800023c   0x0800023c   0x00000000   Code   RO         2868    .ARM.Collect$$_printf_percent$$00000000  c_w.l(_printf_percent.o)
    0x0800023c   0x0800023c   0x00000006   Code   RO         2867    .ARM.Collect$$_printf_percent$$00000009  c_w.l(_printf_d.o)
    0x08000242   0x08000242   0x00000004   Code   RO         2927    .ARM.Collect$$_printf_percent$$00000017  c_w.l(_printf_percent_end.o)
    0x08000246   0x08000246   0x00000002   Code   RO         3024    .ARM.Collect$$libinit$$00000000  c_w.l(libinit.o)
    0x08000248   0x08000248   0x00000004   Code   RO         3033    .ARM.Collect$$libinit$$00000001  c_w.l(libinit2.o)
    0x0800024c   0x0800024c   0x00000000   Code   RO         3036    .ARM.Collect$$libinit$$00000004  c_w.l(libinit2.o)
    0x0800024c   0x0800024c   0x00000000   Code   RO         3038    .ARM.Collect$$libinit$$00000006  c_w.l(libinit2.o)
    0x0800024c   0x0800024c   0x00000000   Code   RO         3041    .ARM.Collect$$libinit$$0000000C  c_w.l(libinit2.o)
    0x0800024c   0x0800024c   0x00000000   Code   RO         3043    .ARM.Collect$$libinit$$0000000E  c_w.l(libinit2.o)
    0x0800024c   0x0800024c   0x00000000   Code   RO         3045    .ARM.Collect$$libinit$$00000010  c_w.l(libinit2.o)
    0x0800024c   0x0800024c   0x00000000   Code   RO         3048    .ARM.Collect$$libinit$$00000013  c_w.l(libinit2.o)
    0x0800024c   0x0800024c   0x00000000   Code   RO         3050    .ARM.Collect$$libinit$$00000015  c_w.l(libinit2.o)
    0x0800024c   0x0800024c   0x00000000   Code   RO         3052    .ARM.Collect$$libinit$$00000017  c_w.l(libinit2.o)
    0x0800024c   0x0800024c   0x00000000   Code   RO         3054    .ARM.Collect$$libinit$$00000019  c_w.l(libinit2.o)
    0x0800024c   0x0800024c   0x00000000   Code   RO         3056    .ARM.Collect$$libinit$$0000001B  c_w.l(libinit2.o)
    0x0800024c   0x0800024c   0x00000000   Code   RO         3058    .ARM.Collect$$libinit$$0000001D  c_w.l(libinit2.o)
    0x0800024c   0x0800024c   0x00000000   Code   RO         3060    .ARM.Collect$$libinit$$0000001F  c_w.l(libinit2.o)
    0x0800024c   0x0800024c   0x00000000   Code   RO         3062    .ARM.Collect$$libinit$$00000021  c_w.l(libinit2.o)
    0x0800024c   0x0800024c   0x00000000   Code   RO         3064    .ARM.Collect$$libinit$$00000023  c_w.l(libinit2.o)
    0x0800024c   0x0800024c   0x00000000   Code   RO         3066    .ARM.Collect$$libinit$$00000025  c_w.l(libinit2.o)
    0x0800024c   0x0800024c   0x00000000   Code   RO         3068    .ARM.Collect$$libinit$$00000027  c_w.l(libinit2.o)
    0x0800024c   0x0800024c   0x00000000   Code   RO         3072    .ARM.Collect$$libinit$$0000002E  c_w.l(libinit2.o)
    0x0800024c   0x0800024c   0x00000000   Code   RO         3074    .ARM.Collect$$libinit$$00000030  c_w.l(libinit2.o)
    0x0800024c   0x0800024c   0x00000000   Code   RO         3076    .ARM.Collect$$libinit$$00000032  c_w.l(libinit2.o)
    0x0800024c   0x0800024c   0x00000000   Code   RO         3078    .ARM.Collect$$libinit$$00000034  c_w.l(libinit2.o)
    0x0800024c   0x0800024c   0x00000002   Code   RO         3079    .ARM.Collect$$libinit$$00000035  c_w.l(libinit2.o)
    0x0800024e   0x0800024e   0x00000002   Code   RO         3114    .ARM.Collect$$libshutdown$$00000000  c_w.l(libshutdown.o)
    0x08000250   0x08000250   0x00000000   Code   RO         3142    .ARM.Collect$$libshutdown$$00000002  c_w.l(libshutdown2.o)
    0x08000250   0x08000250   0x00000000   Code   RO         3144    .ARM.Collect$$libshutdown$$00000004  c_w.l(libshutdown2.o)
    0x08000250   0x08000250   0x00000000   Code   RO         3147    .ARM.Collect$$libshutdown$$00000007  c_w.l(libshutdown2.o)
    0x08000250   0x08000250   0x00000000   Code   RO         3150    .ARM.Collect$$libshutdown$$0000000A  c_w.l(libshutdown2.o)
    0x08000250   0x08000250   0x00000000   Code   RO         3152    .ARM.Collect$$libshutdown$$0000000C  c_w.l(libshutdown2.o)
    0x08000250   0x08000250   0x00000000   Code   RO         3155    .ARM.Collect$$libshutdown$$0000000F  c_w.l(libshutdown2.o)
    0x08000250   0x08000250   0x00000002   Code   RO         3156    .ARM.Collect$$libshutdown$$00000010  c_w.l(libshutdown2.o)
    0x08000252   0x08000252   0x00000000   Code   RO         2914    .ARM.Collect$$rtentry$$00000000  c_w.l(__rtentry.o)
    0x08000252   0x08000252   0x00000000   Code   RO         2983    .ARM.Collect$$rtentry$$00000002  c_w.l(__rtentry2.o)
    0x08000252   0x08000252   0x00000006   Code   RO         2995    .ARM.Collect$$rtentry$$00000004  c_w.l(__rtentry4.o)
    0x08000258   0x08000258   0x00000000   Code   RO         2985    .ARM.Collect$$rtentry$$00000009  c_w.l(__rtentry2.o)
    0x08000258   0x08000258   0x00000004   Code   RO         2986    .ARM.Collect$$rtentry$$0000000A  c_w.l(__rtentry2.o)
    0x0800025c   0x0800025c   0x00000008   Code   RO         2987    .ARM.Collect$$rtentry$$0000000B  c_w.l(__rtentry2.o)
    0x08000264   0x08000264   0x00000008   Code   RO         2989    .ARM.Collect$$rtentry$$0000000D  c_w.l(__rtentry2.o)
    0x0800026c   0x0800026c   0x00000002   Code   RO         3025    .ARM.Collect$$rtexit$$00000000  c_w.l(rtexit.o)
    0x0800026e   0x0800026e   0x00000000   Code   RO         3085    .ARM.Collect$$rtexit$$00000002  c_w.l(rtexit2.o)
    0x0800026e   0x0800026e   0x00000004   Code   RO         3086    .ARM.Collect$$rtexit$$00000003  c_w.l(rtexit2.o)
    0x08000272   0x08000272   0x00000006   Code   RO         3087    .ARM.Collect$$rtexit$$00000004  c_w.l(rtexit2.o)
    0x08000278   0x08000278   0x00000198   Code   RO         2817    .emb_text           RTX_CM4.lib(hal_cm4.o)
    0x08000410   0x08000410   0x00000040   Code   RO         1592  * .text               startup_stm32f746xx.o
    0x08000450   0x08000450   0x00000008   Code   RO         2832    .text               c_w.l(libspace.o)
    0x08000458   0x08000458   0x000000f0   Code   RO         2835    .text               c_w.l(lludivv7m.o)
    0x08000548   0x08000548   0x00000028   Code   RO         2839    .text               c_w.l(noretval__2sprintf.o)
    0x08000570   0x08000570   0x0000004e   Code   RO         2843    .text               c_w.l(_printf_pad.o)
    0x080005be   0x080005be   0x00000002   PAD
    0x080005c0   0x080005c0   0x00000078   Code   RO         2845    .text               c_w.l(_printf_dec.o)
    0x08000638   0x08000638   0x0000010e   Code   RO         2855    .text               c_w.l(__printf_wp.o)
    0x08000746   0x08000746   0x00000006   Code   RO         2869    .text               c_w.l(heapauxi.o)
    0x0800074c   0x0800074c   0x00000016   Code   RO         2919    .text               c_w.l(_rserrno.o)
    0x08000762   0x08000762   0x000000b2   Code   RO         2921    .text               c_w.l(_printf_intcommon.o)
    0x08000814   0x08000814   0x00000030   Code   RO         2923    .text               c_w.l(_printf_char_common.o)
    0x08000844   0x08000844   0x0000000a   Code   RO         2925    .text               c_w.l(_sputc.o)
    0x0800084e   0x0800084e   0x00000004   Code   RO         3004    .text               c_w.l(rt_errno_addr_twolibspace.o)
    0x08000852   0x08000852   0x0000004a   Code   RO         3012    .text               c_w.l(sys_stackheap_outer.o)
    0x0800089c   0x0800089c   0x00000012   Code   RO         3014    .text               c_w.l(exit.o)
    0x080008ae   0x080008ae   0x00000002   PAD
    0x080008b0   0x080008b0   0x0000000c   Code   RO         3080    .text               c_w.l(sys_exit.o)
    0x080008bc   0x080008bc   0x00000002   Code   RO         3103    .text               c_w.l(use_no_semi.o)
    0x080008be   0x080008be   0x00000000   Code   RO         3105    .text               c_w.l(indicate_semi.o)
    0x080008be   0x080008be   0x00000002   PAD
    0x080008c0   0x080008c0   0x00000114   Code   RO          238    .text.BSP_SDRAM_Init  stm32746g_discovery_sdram.o
    0x080009d4   0x080009d4   0x00000004   PAD
    0x080009d8   0x080009d8   0x00000178   Code   RO          240    .text.BSP_SDRAM_MspInit  stm32746g_discovery_sdram.o
    0x08000b50   0x08000b50   0x000001d4   Code   RO          281    .text.BSP_TS_GetState  stm32746g_discovery_ts.o
    0x08000d24   0x08000d24   0x00000004   PAD
    0x08000d28   0x08000d28   0x00000052   Code   RO          273    .text.BSP_TS_Init   stm32746g_discovery_ts.o
    0x08000d7a   0x08000d7a   0x00000006   PAD
    0x08000d80   0x08000d80   0x00000096   Code   RO         1564    .text.FMC_SDRAM_Init  stm32f7xx_ll_fmc.o
    0x08000e16   0x08000e16   0x00000002   PAD
    0x08000e18   0x08000e18   0x0000000e   Code   RO         1576    .text.FMC_SDRAM_ProgramRefreshRate  stm32f7xx_ll_fmc.o
    0x08000e26   0x08000e26   0x00000002   PAD
    0x08000e28   0x08000e28   0x0000002e   Code   RO         1574    .text.FMC_SDRAM_SendCommand  stm32f7xx_ll_fmc.o
    0x08000e56   0x08000e56   0x00000002   PAD
    0x08000e58   0x08000e58   0x000000dc   Code   RO         1566    .text.FMC_SDRAM_Timing_Init  stm32f7xx_ll_fmc.o
    0x08000f34   0x08000f34   0x00000004   PAD
    0x08000f38   0x08000f38   0x00000030   Code   RO          311    .text.GLCD_ClearScreen  glcd_746g_discovery.o
    0x08000f68   0x08000f68   0x00000030   Code   RO          317    .text.GLCD_DrawHLine  glcd_746g_discovery.o
    0x08000f98   0x08000f98   0x00000022   Code   RO          315    .text.GLCD_DrawPixel  glcd_746g_discovery.o
    0x08000fba   0x08000fba   0x00000006   PAD
    0x08000fc0   0x08000fc0   0x00000092   Code   RO          321    .text.GLCD_DrawRectangle  glcd_746g_discovery.o
    0x08001052   0x08001052   0x00000006   PAD
    0x08001058   0x08001058   0x000000ce   Code   RO          325    .text.GLCD_DrawString  glcd_746g_discovery.o
    0x08001126   0x08001126   0x00000002   PAD
    0x08001128   0x08001128   0x00000036   Code   RO          319    .text.GLCD_DrawVLine  glcd_746g_discovery.o
    0x0800115e   0x0800115e   0x00000002   PAD
    0x08001160   0x08001160   0x000001cc   Code   RO          303    .text.GLCD_Initialize  glcd_746g_discovery.o
    0x0800132c   0x0800132c   0x00000004   PAD
    0x08001330   0x08001330   0x00000010   Code   RO          309    .text.GLCD_SetBackgroundColor  glcd_746g_discovery.o
    0x08001340   0x08001340   0x00000010   Code   RO          313    .text.GLCD_SetFont  glcd_746g_discovery.o
    0x08001350   0x08001350   0x00000010   Code   RO          307    .text.GLCD_SetForegroundColor  glcd_746g_discovery.o
    0x08001360   0x08001360   0x00000088   Code   RO          551    .text.HAL_DMA_DeInit  stm32f7xx_hal_dma.o
    0x080013e8   0x080013e8   0x00000140   Code   RO          549    .text.HAL_DMA_Init  stm32f7xx_hal_dma.o
    0x08001528   0x08001528   0x00000028   Code   RO          454    .text.HAL_Delay     stm32f7xx_hal.o
    0x08001550   0x08001550   0x000001a2   Code   RO          596    .text.HAL_GPIO_Init  stm32f7xx_hal_gpio.o
    0x080016f2   0x080016f2   0x00000006   PAD
    0x080016f8   0x080016f8   0x0000000a   Code   RO          600    .text.HAL_GPIO_ReadPin  stm32f7xx_hal_gpio.o
    0x08001702   0x08001702   0x00000006   PAD
    0x08001708   0x08001708   0x0000000a   Code   RO          602    .text.HAL_GPIO_WritePin  stm32f7xx_hal_gpio.o
    0x08001712   0x08001712   0x00000006   PAD
    0x08001718   0x08001718   0x0000000c   Code   RO           52    .text.HAL_GetTick   main.o
    0x08001724   0x08001724   0x00000004   PAD
    0x08001728   0x08001728   0x0000004a   Code   RO          768    .text.HAL_I2CEx_ConfigAnalogFilter  stm32f7xx_hal_i2c_ex.o
    0x08001772   0x08001772   0x00000006   PAD
    0x08001778   0x08001778   0x00000048   Code   RO          770    .text.HAL_I2CEx_ConfigDigitalFilter  stm32f7xx_hal_i2c_ex.o
    0x080017c0   0x080017c0   0x00000034   Code   RO          624    .text.HAL_I2C_DeInit  stm32f7xx_hal_i2c.o
    0x080017f4   0x080017f4   0x00000004   PAD
    0x080017f8   0x080017f8   0x00000006   Code   RO          742    .text.HAL_I2C_GetState  stm32f7xx_hal_i2c.o
    0x080017fe   0x080017fe   0x00000002   PAD
    0x08001800   0x08001800   0x000000a2   Code   RO          620    .text.HAL_I2C_Init  stm32f7xx_hal_i2c.o
    0x080018a2   0x080018a2   0x00000006   PAD
    0x080018a8   0x080018a8   0x0000021a   Code   RO          678    .text.HAL_I2C_Mem_Read  stm32f7xx_hal_i2c.o
    0x08001ac2   0x08001ac2   0x00000006   PAD
    0x08001ac8   0x08001ac8   0x0000020a   Code   RO          674    .text.HAL_I2C_Mem_Write  stm32f7xx_hal_i2c.o
    0x08001cd2   0x08001cd2   0x00000006   PAD
    0x08001cd8   0x08001cd8   0x00000002   Code   RO          626    .text.HAL_I2C_MspDeInit  stm32f7xx_hal_i2c.o
    0x08001cda   0x08001cda   0x00000006   PAD
    0x08001ce0   0x08001ce0   0x00000002   Code   RO          622    .text.HAL_I2C_MspInit  stm32f7xx_hal_i2c.o
    0x08001ce2   0x08001ce2   0x00000006   PAD
    0x08001ce8   0x08001ce8   0x0000002e   Code   RO          434    .text.HAL_Init      stm32f7xx_hal.o
    0x08001d16   0x08001d16   0x00000002   PAD
    0x08001d18   0x08001d18   0x00000050   Code   RO          436    .text.HAL_InitTick  stm32f7xx_hal.o
    0x08001d68   0x08001d68   0x00000076   Code   RO          800    .text.HAL_LTDC_ConfigLayer  stm32f7xx_hal_ltdc.o
    0x08001dde   0x08001dde   0x00000002   PAD
    0x08001de0   0x08001de0   0x000000dc   Code   RO          784    .text.HAL_LTDC_Init  stm32f7xx_hal_ltdc.o
    0x08001ebc   0x08001ebc   0x00000004   PAD
    0x08001ec0   0x08001ec0   0x00000002   Code   RO          786    .text.HAL_LTDC_MspInit  stm32f7xx_hal_ltdc.o
    0x08001ec2   0x08001ec2   0x00000006   PAD
    0x08001ec8   0x08001ec8   0x00000002   Code   RO          438    .text.HAL_MspInit   stm32f7xx_hal.o
    0x08001eca   0x08001eca   0x00000006   PAD
    0x08001ed0   0x08001ed0   0x00000020   Code   RO          507    .text.HAL_NVIC_EnableIRQ  stm32f7xx_hal_cortex.o
    0x08001ef0   0x08001ef0   0x0000005e   Code   RO          505    .text.HAL_NVIC_SetPriority  stm32f7xx_hal_cortex.o
    0x08001f4e   0x08001f4e   0x00000002   PAD
    0x08001f50   0x08001f50   0x00000020   Code   RO          503    .text.HAL_NVIC_SetPriorityGrouping  stm32f7xx_hal_cortex.o
    0x08001f70   0x08001f70   0x00000566   Code   RO          986    .text.HAL_RCCEx_PeriphCLKConfig  stm32f7xx_hal_rcc_ex.o
    0x080024d6   0x080024d6   0x00000002   PAD
    0x080024d8   0x080024d8   0x000001d2   Code   RO          954    .text.HAL_RCC_ClockConfig  stm32f7xx_hal_rcc.o
    0x080026aa   0x080026aa   0x00000006   PAD
    0x080026b0   0x080026b0   0x00000344   Code   RO          952    .text.HAL_RCC_OscConfig  stm32f7xx_hal_rcc.o
    0x080029f4   0x080029f4   0x00000004   PAD
    0x080029f8   0x080029f8   0x00000040   Code   RO         1008    .text.HAL_SDRAM_Init  stm32f7xx_hal_sdram.o
    0x08002a38   0x08002a38   0x00000002   Code   RO         1010    .text.HAL_SDRAM_MspInit  stm32f7xx_hal_sdram.o
    0x08002a3a   0x08002a3a   0x00000006   PAD
    0x08002a40   0x08002a40   0x00000026   Code   RO         1046    .text.HAL_SDRAM_ProgramRefreshRate  stm32f7xx_hal_sdram.o
    0x08002a66   0x08002a66   0x00000002   PAD
    0x08002a68   0x08002a68   0x00000032   Code   RO         1044    .text.HAL_SDRAM_SendCommand  stm32f7xx_hal_sdram.o
    0x08002a9a   0x08002a9a   0x00000006   PAD
    0x08002aa0   0x08002aa0   0x0000002c   Code   RO          515    .text.HAL_SYSTICK_Config  stm32f7xx_hal_cortex.o
    0x08002acc   0x08002acc   0x00000004   PAD
    0x08002ad0   0x08002ad0   0x000000cc   Code   RO         1357    .text.HAL_TIMEx_MasterConfigSynchronization  stm32f7xx_hal_tim_ex.o
    0x08002b9c   0x08002b9c   0x00000004   PAD
    0x08002ba0   0x08002ba0   0x00000060   Code   RO         1062    .text.HAL_TIM_Base_Init  stm32f7xx_hal_tim.o
    0x08002c00   0x08002c00   0x00000002   Code   RO         1064    .text.HAL_TIM_Base_MspInit  stm32f7xx_hal_tim.o
    0x08002c02   0x08002c02   0x00000006   PAD
    0x08002c08   0x08002c08   0x0000008e   Code   RO          758    .text.I2C_IsAcknowledgeFailed  stm32f7xx_hal_i2c.o
    0x08002c96   0x08002c96   0x00000002   PAD
    0x08002c98   0x08002c98   0x000000f8   Code   RO          680    .text.I2C_RequestMemoryRead  stm32f7xx_hal_i2c.o
    0x08002d90   0x08002d90   0x000000f8   Code   RO          676    .text.I2C_RequestMemoryWrite  stm32f7xx_hal_i2c.o
    0x08002e88   0x08002e88   0x0000004c   Code   RO          632    .text.I2C_WaitOnSTOPFlagUntilTimeout  stm32f7xx_hal_i2c.o
    0x08002ed4   0x08002ed4   0x00000004   PAD
    0x08002ed8   0x08002ed8   0x00000154   Code   RO          183    .text.I2Cx_Init     stm32746g_discovery.o
    0x0800302c   0x0800302c   0x00000004   PAD
    0x08003030   0x08003030   0x00000124   Code   RO          802    .text.LTDC_SetConfig  stm32f7xx_hal_ltdc.o
    0x08003154   0x08003154   0x00000004   PAD
    0x08003158   0x08003158   0x000000a0   Code   RO           58    .text.MPU6050_Init  main.o
    0x080031f8   0x080031f8   0x00000012   Code   RO         1599    .text.SystemInit    system_stm32f7xx.o
    0x0800320a   0x0800320a   0x00000006   PAD
    0x08003210   0x08003210   0x00000128   Code   RO         1066    .text.TIM_Base_SetConfig  stm32f7xx_hal_tim.o
    0x08003338   0x08003338   0x00000008   Code   RO          215    .text.TS_IO_Delay   stm32746g_discovery.o
    0x08003340   0x08003340   0x00000010   Code   RO          209    .text.TS_IO_Init    stm32746g_discovery.o
    0x08003350   0x08003350   0x0000004a   Code   RO          213    .text.TS_IO_Read    stm32746g_discovery.o
    0x0800339a   0x0800339a   0x00000006   PAD
    0x080033a0   0x080033a0   0x00000046   Code   RO          211    .text.TS_IO_Write   stm32746g_discovery.o
    0x080033e6   0x080033e6   0x00000002   PAD
    0x080033e8   0x080033e8   0x0000003a   Code   RO          363    .text.Touch_GetState  touch_746g_discovery.o
    0x08003422   0x08003422   0x00000006   PAD
    0x08003428   0x08003428   0x00000018   Code   RO          359    .text.Touch_Initialize  touch_746g_discovery.o
    0x08003440   0x08003440   0x0000003a   Code   RO          377    .text.__user_perthread_libspace  rtx_conf_cm.o
    0x0800347a   0x0800347a   0x00000006   PAD
    0x08003480   0x08003480   0x00000022   Code   RO          381    .text._mutex_acquire  rtx_conf_cm.o
    0x080034a2   0x080034a2   0x00000006   PAD
    0x080034a8   0x080034a8   0x0000001e   Code   RO          383    .text._mutex_release  rtx_conf_cm.o
    0x080034c6   0x080034c6   0x00000002   PAD
    0x080034c8   0x080034c8   0x0000001a   Code   RO          391    .text._platform_post_lib_init  rtx_conf_cm.o
    0x080034e2   0x080034e2   0x00000006   PAD
    0x080034e8   0x080034e8   0x000000ca   Code   RO           46    .text.checkCoordsSettings  main.o
    0x080035b2   0x080035b2   0x00000006   PAD
    0x080035b8   0x080035b8   0x00000088   Code   RO            2    .text.checkEncoderLeft  main.o
    0x08003640   0x08003640   0x00000088   Code   RO            4    .text.checkEncoderRight  main.o
    0x080036c8   0x080036c8   0x00000198   Code   RO           64    .text.convertAcc    main.o
    0x08003860   0x08003860   0x00000a2e   Code   RO           48    .text.displayDisChevronsLeft  main.o
    0x0800428e   0x0800428e   0x00000002   PAD
    0x08004290   0x08004290   0x00000a56   Code   RO           50    .text.displayDisChevronsRight  main.o
    0x08004ce6   0x08004ce6   0x00000002   PAD
    0x08004ce8   0x08004ce8   0x0000012c   Code   RO           16    .text.drawCircle    main.o
    0x08004e14   0x08004e14   0x00000004   PAD
    0x08004e18   0x08004e18   0x00000156   Code   RO           22    .text.drawDiagonalLine  main.o
    0x08004f6e   0x08004f6e   0x00000002   PAD
    0x08004f70   0x08004f70   0x000000e0   Code   RO           30    .text.fillChevron   main.o
    0x08005050   0x08005050   0x00000100   Code   RO           34    .text.fillPalette   main.o
    0x08005150   0x08005150   0x00000022   Code   RO          122    .text.ft5336_Init   ft5336.o
    0x08005172   0x08005172   0x00000006   PAD
    0x08005178   0x08005178   0x00000052   Code   RO          124    .text.ft5336_ReadID  ft5336.o
    0x080051ca   0x080051ca   0x00000006   PAD
    0x080051d0   0x080051d0   0x00000002   Code   RO          126    .text.ft5336_Reset  ft5336.o
    0x080051d2   0x080051d2   0x00000006   PAD
    0x080051d8   0x080051d8   0x00000002   Code   RO          136    .text.ft5336_TS_ClearIT  ft5336.o
    0x080051da   0x080051da   0x00000006   PAD
    0x080051e0   0x080051e0   0x0000004e   Code   RO          130    .text.ft5336_TS_DetectTouch  ft5336.o
    0x0800522e   0x0800522e   0x00000002   PAD
    0x08005230   0x08005230   0x0000000e   Code   RO          140    .text.ft5336_TS_DisableIT  ft5336.o
    0x0800523e   0x0800523e   0x00000002   PAD
    0x08005240   0x08005240   0x0000000e   Code   RO          134    .text.ft5336_TS_EnableIT  ft5336.o
    0x0800524e   0x0800524e   0x00000002   PAD
    0x08005250   0x08005250   0x00000022   Code   RO          142    .text.ft5336_TS_GetGestureID  ft5336.o
    0x08005272   0x08005272   0x00000006   PAD
    0x08005278   0x08005278   0x0000008e   Code   RO          144    .text.ft5336_TS_GetTouchInfo  ft5336.o
    0x08005306   0x08005306   0x00000002   PAD
    0x08005308   0x08005308   0x000000d8   Code   RO          132    .text.ft5336_TS_GetXY  ft5336.o
    0x080053e0   0x080053e0   0x00000004   Code   RO          138    .text.ft5336_TS_ITStatus  ft5336.o
    0x080053e4   0x080053e4   0x00000004   PAD
    0x080053e8   0x080053e8   0x0000000e   Code   RO          128    .text.ft5336_TS_Start  ft5336.o
    0x080053f6   0x080053f6   0x00000002   PAD
    0x080053f8   0x080053f8   0x0000042c   Code   RO           42    .text.highlightColour  main.o
    0x08005824   0x08005824   0x00000004   PAD
    0x08005828   0x08005828   0x0000010c   Code   RO           40    .text.highlightDistUnit  main.o
    0x08005934   0x08005934   0x00000004   PAD
    0x08005938   0x08005938   0x000000fc   Code   RO           38    .text.highlightTempUnit  main.o
    0x08005a34   0x08005a34   0x00000004   PAD
    0x08005a38   0x08005a38   0x0000097a   Code   RO           74    .text.main          main.o
    0x080063b2   0x080063b2   0x00000006   PAD
    0x080063b8   0x080063b8   0x0000024c   Code   RO           70    .text.mainScreen    main.o
    0x08006604   0x08006604   0x00000004   PAD
    0x08006608   0x08006608   0x00000002   Code   RO          375    .text.os_error      rtx_conf_cm.o
    0x0800660a   0x0800660a   0x00000006   PAD
    0x08006610   0x08006610   0x00000002   Code   RO          373    .text.os_idle_demon  rtx_conf_cm.o
    0x08006612   0x08006612   0x00000006   PAD
    0x08006618   0x08006618   0x00000610   Code   RO           72    .text.settingsScreen  main.o
    0x08006c28   0x08006c28   0x00000004   Code   RO         2827    SVC_TABLE           RTX_CM4.lib(svc_table.o)
    0x08006c2c   0x08006c2c   0x00000030   Code   RO         2970    i.__ARM_fpclassify  m_wm.l(fpclassify.o)
    0x08006c5c   0x08006c5c   0x00000004   PAD
    0x08006c60   0x08006c60   0x000002d8   Code   RO         2889    i.__hardfp_atan     m_wm.l(atan.o)
    0x08006f38   0x08006f38   0x000000c8   Code   RO         2896    i.__hardfp_cos      m_wm.l(cos.o)
    0x08007000   0x08007000   0x000000c8   Code   RO         2902    i.__hardfp_sin      m_wm.l(sin.o)
    0x080070c8   0x080070c8   0x0000007a   Code   RO         2908    i.__hardfp_sqrt     m_wm.l(sqrt.o)
    0x08007142   0x08007142   0x00000006   PAD
    0x08007148   0x08007148   0x00000438   Code   RO         2974    i.__ieee754_rem_pio2  m_wm.l(rred.o)
    0x08007580   0x08007580   0x00000170   Code   RO         2947    i.__kernel_cos      m_wm.l(cos_i.o)
    0x080076f0   0x080076f0   0x000000f8   Code   RO         2972    i.__kernel_poly     m_wm.l(poly.o)
    0x080077e8   0x080077e8   0x00000130   Code   RO         2979    i.__kernel_sin      m_wm.l(sin_i.o)
    0x08007918   0x08007918   0x00000014   Code   RO         2951    i.__mathlib_dbl_infnan  m_wm.l(dunder.o)
    0x0800792c   0x0800792c   0x00000004   PAD
    0x08007930   0x08007930   0x00000020   Code   RO         2953    i.__mathlib_dbl_invalid  m_wm.l(dunder.o)
    0x08007950   0x08007950   0x00000020   Code   RO         2956    i.__mathlib_dbl_underflow  m_wm.l(dunder.o)
    0x08007970   0x08007970   0x00000046   Code   RO         2711    i._init_box         RTX_CM4.lib(rt_membox.o)
    0x080079b6   0x080079b6   0x0000000e   Code   RO         2857    i._is_digit         c_w.l(__printf_wp.o)
    0x080079c4   0x080079c4   0x00000030   Code   RO         2764    i.dbg_init          RTX_CM4.lib(hal_cm.o)
    0x080079f4   0x080079f4   0x00000020   Code   RO         2765    i.dbg_task_notify   RTX_CM4.lib(hal_cm.o)
    0x08007a14   0x08007a14   0x00000010   Code   RO         2766    i.dbg_task_switch   RTX_CM4.lib(hal_cm.o)
    0x08007a24   0x08007a24   0x00000018   Code   RO         2966    i.fabs              m_wm.l(fabs.o)
    0x08007a3c   0x08007a3c   0x0000002a   Code   RO         1616    i.isrMessageGet     RTX_CM4.lib(rt_cmsis.o)
    0x08007a66   0x08007a66   0x0000002c   Code   RO         1617    i.isrMessagePut     RTX_CM4.lib(rt_cmsis.o)
    0x08007a92   0x08007a92   0x00000002   PAD
    0x08007a94   0x08007a94   0x00000056   Code   RO         2599    i.isr_mbx_receive   RTX_CM4.lib(rt_mailbox.o)
    0x08007aea   0x08007aea   0x0000000e   Code   RO         2600    i.isr_mbx_send      RTX_CM4.lib(rt_mailbox.o)
    0x08007af8   0x08007af8   0x00000024   Code   RO         1621    i.osKernelInitialize  RTX_CM4.lib(rt_cmsis.o)
    0x08007b1c   0x08007b1c   0x0000006c   Code   RO         1623    i.osKernelStart     RTX_CM4.lib(rt_cmsis.o)
    0x08007b88   0x08007b88   0x00000018   Code   RO         1632    i.osMessageGet      RTX_CM4.lib(rt_cmsis.o)
    0x08007ba0   0x08007ba0   0x0000002c   Code   RO         1649    i.osThreadCreate    RTX_CM4.lib(rt_cmsis.o)
    0x08007bcc   0x08007bcc   0x00000018   Code   RO         1650    i.osThreadExit      RTX_CM4.lib(rt_cmsis.o)
    0x08007be4   0x08007be4   0x0000000c   Code   RO         1656    i.osTimerCall       RTX_CM4.lib(rt_cmsis.o)
    0x08007bf0   0x08007bf0   0x0000002c   Code   RO         1661    i.osTimerThread     RTX_CM4.lib(rt_cmsis.o)
    0x08007c1c   0x08007c1c   0x00000028   Code   RO         2391    i.os_tick_init      RTX_CM4.lib(rt_system.o)
    0x08007c44   0x08007c44   0x00000002   Code   RO         2392    i.os_tick_irqack    RTX_CM4.lib(rt_system.o)
    0x08007c46   0x08007c46   0x0000001a   Code   RO         2712    i.rt_alloc_box      RTX_CM4.lib(rt_membox.o)
    0x08007c60   0x08007c60   0x0000003e   Code   RO         2740    i.rt_alloc_mem      RTX_CM4.lib(rt_memory.o)
    0x08007c9e   0x08007c9e   0x00000002   PAD
    0x08007ca0   0x08007ca0   0x00000038   Code   RO         2239    i.rt_block          RTX_CM4.lib(rt_task.o)
    0x08007cd8   0x08007cd8   0x00000048   Code   RO         2689    i.rt_chk_robin      RTX_CM4.lib(rt_robin.o)
    0x08007d20   0x08007d20   0x00000070   Code   RO         2523    i.rt_dec_dly        RTX_CM4.lib(rt_list.o)
    0x08007d90   0x08007d90   0x00000044   Code   RO         2240    i.rt_dispatch       RTX_CM4.lib(rt_task.o)
    0x08007dd4   0x08007dd4   0x00000050   Code   RO         2484    i.rt_evt_psh        RTX_CM4.lib(rt_event.o)
    0x08007e24   0x08007e24   0x0000002c   Code   RO         2713    i.rt_free_box       RTX_CM4.lib(rt_membox.o)
    0x08007e50   0x08007e50   0x00000028   Code   RO         2741    i.rt_free_mem       RTX_CM4.lib(rt_memory.o)
    0x08007e78   0x08007e78   0x00000028   Code   RO         2524    i.rt_get_first      RTX_CM4.lib(rt_list.o)
    0x08007ea0   0x08007ea0   0x00000008   Code   RO         1666    i.rt_id2obj         RTX_CM4.lib(rt_cmsis.o)
    0x08007ea8   0x08007ea8   0x00000048   Code   RO         2241    i.rt_init_context   RTX_CM4.lib(rt_task.o)
    0x08007ef0   0x08007ef0   0x0000001a   Code   RO         2742    i.rt_init_mem       RTX_CM4.lib(rt_memory.o)
    0x08007f0a   0x08007f0a   0x00000002   PAD
    0x08007f0c   0x08007f0c   0x00000018   Code   RO         2690    i.rt_init_robin     RTX_CM4.lib(rt_robin.o)
    0x08007f24   0x08007f24   0x00000080   Code   RO         2767    i.rt_init_stack     RTX_CM4.lib(hal_cm.o)
    0x08007fa4   0x08007fa4   0x00000008   Code   RO         2601    i.rt_mbx_check      RTX_CM4.lib(rt_mailbox.o)
    0x08007fac   0x08007fac   0x0000001a   Code   RO         2602    i.rt_mbx_init       RTX_CM4.lib(rt_mailbox.o)
    0x08007fc6   0x08007fc6   0x00000002   PAD
    0x08007fc8   0x08007fc8   0x000000f0   Code   RO         2603    i.rt_mbx_psh        RTX_CM4.lib(rt_mailbox.o)
    0x080080b8   0x080080b8   0x000000b4   Code   RO         2605    i.rt_mbx_wait       RTX_CM4.lib(rt_mailbox.o)
    0x0800816c   0x0800816c   0x00000044   Code   RO         1667    i.rt_ms2tick        RTX_CM4.lib(rt_cmsis.o)
    0x080081b0   0x080081b0   0x000000d8   Code   RO         2358    i.rt_mut_release    RTX_CM4.lib(rt_mutex.o)
    0x08008288   0x08008288   0x00000078   Code   RO         2359    i.rt_mut_wait       RTX_CM4.lib(rt_mutex.o)
    0x08008300   0x08008300   0x0000007c   Code   RO         2395    i.rt_pop_req        RTX_CM4.lib(rt_system.o)
    0x0800837c   0x0800837c   0x00000020   Code   RO         2396    i.rt_psh_req        RTX_CM4.lib(rt_system.o)
    0x0800839c   0x0800839c   0x0000005c   Code   RO         2526    i.rt_psq_enq        RTX_CM4.lib(rt_list.o)
    0x080083f8   0x080083f8   0x00000048   Code   RO         2527    i.rt_put_dly        RTX_CM4.lib(rt_list.o)
    0x08008440   0x08008440   0x00000036   Code   RO         2528    i.rt_put_prio       RTX_CM4.lib(rt_list.o)
    0x08008476   0x08008476   0x00000002   PAD
    0x08008478   0x08008478   0x00000014   Code   RO         2529    i.rt_put_rdy_first  RTX_CM4.lib(rt_list.o)
    0x0800848c   0x0800848c   0x00000034   Code   RO         2530    i.rt_resort_prio    RTX_CM4.lib(rt_list.o)
    0x080084c0   0x080084c0   0x00000010   Code   RO         2768    i.rt_ret_regs       RTX_CM4.lib(hal_cm.o)
    0x080084d0   0x080084d0   0x0000000c   Code   RO         2769    i.rt_ret_val        RTX_CM4.lib(hal_cm.o)
    0x080084dc   0x080084dc   0x00000010   Code   RO         2770    i.rt_ret_val2       RTX_CM4.lib(hal_cm.o)
    0x080084ec   0x080084ec   0x00000028   Code   RO         2531    i.rt_rmv_dly        RTX_CM4.lib(rt_list.o)
    0x08008514   0x08008514   0x00000030   Code   RO         2532    i.rt_rmv_list       RTX_CM4.lib(rt_list.o)
    0x08008544   0x08008544   0x00000034   Code   RO         2650    i.rt_sem_psh        RTX_CM4.lib(rt_semaphore.o)
    0x08008578   0x08008578   0x00000024   Code   RO         2398    i.rt_stk_check      RTX_CM4.lib(rt_system.o)
    0x0800859c   0x0800859c   0x00000028   Code   RO         2242    i.rt_switch_req     RTX_CM4.lib(rt_task.o)
    0x080085c4   0x080085c4   0x000000cc   Code   RO         2243    i.rt_sys_init       RTX_CM4.lib(rt_task.o)
    0x08008690   0x08008690   0x00000078   Code   RO         2244    i.rt_sys_start      RTX_CM4.lib(rt_task.o)
    0x08008708   0x08008708   0x00000040   Code   RO         2400    i.rt_systick        RTX_CM4.lib(rt_system.o)
    0x08008748   0x08008748   0x00000012   Code   RO         1668    i.rt_tid2ptcb       RTX_CM4.lib(rt_cmsis.o)
    0x0800875a   0x0800875a   0x00000002   PAD
    0x0800875c   0x0800875c   0x00000034   Code   RO         1669    i.rt_timer_insert   RTX_CM4.lib(rt_cmsis.o)
    0x08008790   0x08008790   0x00000088   Code   RO         2245    i.rt_tsk_create     RTX_CM4.lib(rt_task.o)
    0x08008818   0x08008818   0x0000017c   Code   RO         2246    i.rt_tsk_delete     RTX_CM4.lib(rt_task.o)
    0x08008994   0x08008994   0x0000007c   Code   RO         2248    i.rt_tsk_prio       RTX_CM4.lib(rt_task.o)
    0x08008a10   0x08008a10   0x00000010   Code   RO         2249    i.rt_tsk_self       RTX_CM4.lib(rt_task.o)
    0x08008a20   0x08008a20   0x00000070   Code   RO         1672    i.svcKernelInitialize  RTX_CM4.lib(rt_cmsis.o)
    0x08008a90   0x08008a90   0x00000048   Code   RO         1674    i.svcKernelStart    RTX_CM4.lib(rt_cmsis.o)
    0x08008ad8   0x08008ad8   0x00000024   Code   RO         1677    i.svcMessageCreate  RTX_CM4.lib(rt_cmsis.o)
    0x08008afc   0x08008afc   0x0000003a   Code   RO         1678    i.svcMessageGet     RTX_CM4.lib(rt_cmsis.o)
    0x08008b36   0x08008b36   0x00000002   PAD
    0x08008b38   0x08008b38   0x0000006c   Code   RO         1692    i.svcThreadCreate   RTX_CM4.lib(rt_cmsis.o)
    0x08008ba4   0x08008ba4   0x0000001c   Code   RO         1693    i.svcThreadGetId    RTX_CM4.lib(rt_cmsis.o)
    0x08008bc0   0x08008bc0   0x00000038   Code   RO         1696    i.svcThreadTerminate  RTX_CM4.lib(rt_cmsis.o)
    0x08008bf8   0x08008bf8   0x00000018   Code   RO         1698    i.svcTimerCall      RTX_CM4.lib(rt_cmsis.o)
    0x08008c10   0x08008c10   0x0000005c   Code   RO         1707    i.sysTimerTick      RTX_CM4.lib(rt_cmsis.o)
    0x08008c6c   0x08008c6c   0x00000018   Code   RO         2928    x$fpl$basic         fz_wm.l(basic.o)
    0x08008c84   0x08008c84   0x00000062   Code   RO         2873    x$fpl$d2f           fz_wm.l(d2f.o)
    0x08008ce6   0x08008ce6   0x00000002   PAD
    0x08008ce8   0x08008ce8   0x00000150   Code   RO         2930    x$fpl$dadd          fz_wm.l(daddsub_clz.o)
    0x08008e38   0x08008e38   0x000002b4   Code   RO         2876    x$fpl$ddiv          fz_wm.l(ddiv.o)
    0x080090ec   0x080090ec   0x0000005e   Code   RO         3008    x$fpl$dfix          fz_wm.l(dfix.o)
    0x0800914a   0x0800914a   0x0000002e   Code   RO         2880    x$fpl$dflt          fz_wm.l(dflt_clz.o)
    0x08009178   0x08009178   0x00000026   Code   RO         2879    x$fpl$dfltu         fz_wm.l(dflt_clz.o)
    0x0800919e   0x0800919e   0x00000002   PAD
    0x080091a0   0x080091a0   0x00000154   Code   RO         2885    x$fpl$dmul          fz_wm.l(dmul.o)
    0x080092f4   0x080092f4   0x0000009c   Code   RO         2936    x$fpl$dnaninf       fz_wm.l(dnaninf.o)
    0x08009390   0x08009390   0x0000000c   Code   RO         2938    x$fpl$dretinf       fz_wm.l(dretinf.o)
    0x0800939c   0x0800939c   0x00000016   Code   RO         2931    x$fpl$drsb          fz_wm.l(daddsub_clz.o)
    0x080093b2   0x080093b2   0x00000002   PAD
    0x080093b4   0x080093b4   0x00000198   Code   RO         2940    x$fpl$dsqrt         fz_wm.l(dsqrt_umaal.o)
    0x0800954c   0x0800954c   0x000001dc   Code   RO         2932    x$fpl$dsub          fz_wm.l(daddsub_clz.o)
    0x08009728   0x08009728   0x00000056   Code   RO         2887    x$fpl$f2d           fz_wm.l(f2d.o)
    0x0800977e   0x0800977e   0x0000008c   Code   RO         2942    x$fpl$fnaninf       fz_wm.l(fnaninf.o)
    0x0800980a   0x0800980a   0x0000001a   Code   RO         3097    x$fpl$fpinit        fz_wm.l(fpinit.o)
    0x08009824   0x08009824   0x0000000a   Code   RO         2944    x$fpl$fretinf       fz_wm.l(fretinf.o)
    0x0800982e   0x0800982e   0x00000000   Code   RO         2946    x$fpl$usenofp       fz_wm.l(usenofp.o)
    0x0800982e   0x0800982e   0x00000002   PAD
    0x08009830   0x08009830   0x00000098   Data   RO         2892    .constdata          m_wm.l(atan.o)
    0x080098c8   0x080098c8   0x00000030   Data   RO         2948    .constdata          m_wm.l(cos_i.o)
    0x080098f8   0x080098f8   0x000000cc   Data   RO         2976    .constdata          m_wm.l(rred.o)
    0x080099c4   0x080099c4   0x00000004   PAD
    0x080099c8   0x080099c8   0x00000028   Data   RO         2980    .constdata          m_wm.l(sin_i.o)
    0x080099f0   0x080099f0   0x00000010   Data   RO         1604    .rodata.AHBPrescTable  system_stm32f7xx.o
    0x08009a00   0x08009a00   0x00000004   Data   RO          401    .rodata.CMSIS_RTOS_API_Version  rtx_conf_cm.o
    0x08009a04   0x08009a04   0x00000004   Data   RO          402    .rodata.CMSIS_RTOS_RTX_Version  rtx_conf_cm.o
    0x08009a08   0x08009a08   0x00001500   Data   RO          352    .rodata.Font_16x24_h  glcd_fonts.o
    0x0800af08   0x0800af08   0x00000010   Data   RO          353    .rodata.GLCD_Font_16x24  glcd_fonts.o
    0x0800af18   0x0800af18   0x00000020   Data   RO          864    .rodata.cst32       stm32f7xx_hal_ltdc.o
    0x0800af38   0x0800af38   0x00000008   Data   RO          573    .rodata.cst8        stm32f7xx_hal_dma.o
    0x0800af40   0x0800af40   0x00000004   Data   RO          406    .rodata.mp_stk_size  rtx_conf_cm.o
    0x0800af44   0x0800af44   0x00000002   Data   RO          405    .rodata.mp_tcb_size  rtx_conf_cm.o
    0x0800af46   0x0800af46   0x00000002   Data   RO          414    .rodata.mp_tmr_size  rtx_conf_cm.o
    0x0800af48   0x0800af48   0x00000004   Data   RO          403    .rodata.os_clockrate  rtx_conf_cm.o
    0x0800af4c   0x0800af4c   0x00000001   Data   RO          408    .rodata.os_fifo_size  rtx_conf_cm.o
    0x0800af4d   0x0800af4d   0x00000001   Data   RO          400    .rodata.os_flags    rtx_conf_cm.o
    0x0800af4e   0x0800af4e   0x00000002   Data   RO          393    .rodata.os_maxtaskrun  rtx_conf_cm.o
    0x0800af50   0x0800af50   0x00000008   Data   RO          411    .rodata.os_messageQ_def_osTimerMessageQ  rtx_conf_cm.o
    0x0800af58   0x0800af58   0x00000004   Data   RO          395    .rodata.os_rrobin   rtx_conf_cm.o
    0x0800af5c   0x0800af5c   0x00000004   Data   RO          407    .rodata.os_stack_sz  rtx_conf_cm.o
    0x0800af60   0x0800af60   0x00000004   Data   RO          394    .rodata.os_stackinfo  rtx_conf_cm.o
    0x0800af64   0x0800af64   0x00000010   Data   RO          418    .rodata.os_thread_def_main  rtx_conf_cm.o
    0x0800af74   0x0800af74   0x00000010   Data   RO          409    .rodata.os_thread_def_osTimerThread  rtx_conf_cm.o
    0x0800af84   0x0800af84   0x00000004   Data   RO          404    .rodata.os_timernum  rtx_conf_cm.o
    0x0800af88   0x0800af88   0x00000004   Data   RO          399    .rodata.os_trv      rtx_conf_cm.o
    0x0800af8c   0x0800af8c   0x00000012   Data   RO          108    .rodata.str1.1      main.o
    0x0800af9e   0x0800af9e   0x00000002   PAD
    0x0800afa0   0x0800afa0   0x00000020   Data   RO         3158    Region$$Table       anon$$obj.o


    Execution Region ER_RW (Exec base: 0x20010000, Load base: 0x0800afc0, Size: 0x0000006c, Max: 0xffffffff, ABSOLUTE)

    Exec Addr    Load Addr    Size         Type   Attr      Idx    E Section Name        Object

    0x20010000   0x0800afc0   0x00000004   Data   RW          113    .ARM.use_no_argv    main.o
    0x20010004   0x0800afc4   0x00000008   Data   RW         1710    .data               RTX_CM4.lib(rt_cmsis.o)
    0x2001000c   0x0800afcc   0x00000008   Data   RW         2251    .data               RTX_CM4.lib(rt_task.o)
    0x20010014   0x0800afd4   0x00000004   Data   RW         2327    .data               RTX_CM4.lib(rt_time.o)
    0x20010018   0x0800afd8   0x00000008   Data   RW         2403    .data               RTX_CM4.lib(rt_system.o)
    0x20010020   0x0800afe0   0x00000008   Data   RW         2691    .data               RTX_CM4.lib(rt_robin.o)
    0x20010028   0x0800afe8   0x00000001   Data   RW         2771    .data               RTX_CM4.lib(hal_cm.o)
    0x20010029   0x0800afe9   0x00000003   PAD
    0x2001002c   0x0800afec   0x00000004   Data   RW         1603    .data.SystemCoreClock  system_stm32f7xx.o
    0x20010030   0x0800aff0   0x00000002   Data   RW          339    .data.background_color  glcd_746g_discovery.o
    0x20010032   0x0800aff2   0x00000002   PAD
    0x20010034   0x0800aff4   0x00000004   Data   RW           95    .data.circX         main.o
    0x20010038   0x0800aff8   0x00000004   Data   RW           96    .data.circY         main.o
    0x2001003c   0x0800affc   0x00000028   Data   RW          146    .data.ft5336_ts_drv  ft5336.o
    0x20010064   0x0800b024   0x00000001   Data   RW          493    .data.uwTickFreq    stm32f7xx_hal.o
    0x20010065   0x0800b025   0x00000003   PAD
    0x20010068   0x0800b028   0x00000004   Data   RW          492    .data.uwTickPrio    stm32f7xx_hal.o


    Execution Region ER_ZI (Exec base: 0x20010070, Load base: 0x0800b02c, Size: 0x00001510, Max: 0xffffffff, ABSOLUTE)

    Exec Addr    Load Addr    Size         Type   Attr      Idx    E Section Name        Object

    0x20010070        -       0x00000034   Zero   RW         2250    .bss                RTX_CM4.lib(rt_task.o)
    0x200100a4        -       0x00000030   Zero   RW         2533    .bss                RTX_CM4.lib(rt_list.o)
    0x200100d4        -       0x00000060   Zero   RW         2833    .bss                c_w.l(libspace.o)
    0x20010134        -       0x00000002   Zero   RW           86    .bss.Accel_X_RAW    main.o
    0x20010136        -       0x00000002   Zero   RW           87    .bss.Accel_Y_RAW    main.o
    0x20010138        -       0x00000002   Zero   RW           88    .bss.Accel_Z_RAW    main.o
    0x2001013a   0x0800b02c   0x00000002   PAD
    0x2001013c        -       0x00000004   Zero   RW           98    .bss.Ax             main.o
    0x20010140        -       0x00000004   Zero   RW           99    .bss.Ay             main.o
    0x20010144        -       0x00000004   Zero   RW          100    .bss.Az             main.o
    0x20010148        -       0x00000001   Zero   RW          258    .bss.BSP_SDRAM_Init.sdramstatus  stm32746g_discovery_sdram.o
    0x20010149   0x0800b02c   0x00000003   PAD
    0x2001014c        -       0x00000060   Zero   RW          263    .bss.BSP_SDRAM_MspInit.dma_handle  stm32746g_discovery_sdram.o
    0x200101ac        -       0x00000014   Zero   RW          293    .bss.BSP_TS_GetState._x  stm32746g_discovery_ts.o
    0x200101c0        -       0x00000014   Zero   RW          294    .bss.BSP_TS_GetState._y  stm32746g_discovery_ts.o
    0x200101d4        -       0x00000010   Zero   RW          262    .bss.Command        stm32746g_discovery_sdram.o
    0x200101e4        -       0x00000004   Zero   RW          101    .bss.Gx             main.o
    0x200101e8        -       0x00000004   Zero   RW          102    .bss.Gy             main.o
    0x200101ec        -       0x00000002   Zero   RW           89    .bss.Gyro_X_RAW     main.o
    0x200101ee        -       0x00000002   Zero   RW           90    .bss.Gyro_Y_RAW     main.o
    0x200101f0        -       0x00000002   Zero   RW           91    .bss.Gyro_Z_RAW     main.o
    0x200101f2   0x0800b02c   0x00000002   PAD
    0x200101f4        -       0x00000004   Zero   RW          103    .bss.Gz             main.o
    0x200101f8        -       0x00000001   Zero   RW          291    .bss.I2cAddress     stm32746g_discovery_ts.o
    0x200101f9   0x0800b02c   0x00000003   PAD
    0x200101fc        -       0x000000a8   Zero   RW          337    .bss.LTDC_Handle    glcd_746g_discovery.o
    0x200102a4        -       0x0000001c   Zero   RW          260    .bss.Timing         stm32746g_discovery_sdram.o
    0x200102c0        -       0x00000004   Zero   RW          341    .bss.active_font    glcd_746g_discovery.o
    0x200102c4        -       0x00000004   Zero   RW          105    .bss.colour1        main.o
    0x200102c8        -       0x00000004   Zero   RW          106    .bss.colour2        main.o
    0x200102cc        -       0x00000002   Zero   RW          104    .bss.colourScheme   main.o
    0x200102ce   0x0800b02c   0x00000002   PAD
    0x200102d0        -       0x00000004   Zero   RW           81    .bss.currentDistLeft  main.o
    0x200102d4        -       0x00000004   Zero   RW           82    .bss.currentDistRight  main.o
    0x200102d8        -       0x00000002   Zero   RW           83    .bss.distLeft       main.o
    0x200102da        -       0x00000002   Zero   RW           84    .bss.distRight      main.o
    0x200102dc        -       0x00000002   Zero   RW          109    .bss.distUnit       main.o
    0x200102de        -       0x00000002   Zero   RW          338    .bss.foreground_color  glcd_746g_discovery.o
    0x200102e0        -       0x00000002   Zero   RW          150    .bss.ft5336_TS_GetXY.coord  ft5336.o
    0x200102e2        -       0x00000001   Zero   RW          147    .bss.ft5336_handle.0  ft5336.o
    0x200102e3        -       0x00000001   Zero   RW          148    .bss.ft5336_handle.1  ft5336.o
    0x200102e4        -       0x00000001   Zero   RW          149    .bss.ft5336_handle.2  ft5336.o
    0x200102e5   0x0800b02c   0x00000003   PAD
    0x200102e8        -       0x00000010   Zero   RW           80    .bss.getDigits.digits  main.o
    0x200102f8        -       0x0000004c   Zero   RW          228    .bss.hI2cAudioHandler  stm32746g_discovery.o
    0x20010344        -       0x0000004c   Zero   RW           97    .bss.hi2c1          main.o
    0x20010390        -       0x0000004c   Zero   RW          111    .bss.htim2          main.o
    0x200103dc        -       0x00000004   Zero   RW          413    .bss.m_tmr          rtx_conf_cm.o
    0x200103e0        -       0x000004c0   Zero   RW          420    .bss.mp_stk         rtx_conf_cm.o
    0x200108a0        -       0x00000178   Zero   RW          419    .bss.mp_tcb         rtx_conf_cm.o
    0x20010a18        -       0x00000004   Zero   RW          425    .bss.osMessageQId_osTimerMessageQ  rtx_conf_cm.o
    0x20010a1c        -       0x00000004   Zero   RW          424    .bss.osThreadId_osTimerThread  rtx_conf_cm.o
    0x20010a20        -       0x0000001c   Zero   RW          423    .bss.os_active_TCB  rtx_conf_cm.o
    0x20010a3c        -       0x00000084   Zero   RW          422    .bss.os_fifo        rtx_conf_cm.o
    0x20010ac0        -       0x00000020   Zero   RW          410    .bss.os_messageQ_q_osTimerMessageQ  rtx_conf_cm.o
    0x20010ae0        -       0x000001b0   Zero   RW          421    .bss.os_stack_mem   rtx_conf_cm.o
    0x20010c90        -       0x00000004   Zero   RW           92    .bss.pitch          main.o
    0x20010c94        -       0x00000004   Zero   RW           93    .bss.roll           main.o
    0x20010c98        -       0x00000034   Zero   RW          259    .bss.sdramHandle    stm32746g_discovery_sdram.o
    0x20010ccc        -       0x000002a0   Zero   RW          415    .bss.std_libspace   rtx_conf_cm.o
    0x20010f6c        -       0x00000002   Zero   RW          107    .bss.tempUnit       main.o
    0x20010f6e        -       0x00000002   Zero   RW          110    .bss.temperature    main.o
    0x20010f70        -       0x00000001   Zero   RW          292    .bss.tsOrientation  stm32746g_discovery_ts.o
    0x20010f71   0x0800b02c   0x00000001   PAD
    0x20010f72        -       0x00000002   Zero   RW          289    .bss.tsXBoundary    stm32746g_discovery_ts.o
    0x20010f74        -       0x00000002   Zero   RW          290    .bss.tsYBoundary    stm32746g_discovery_ts.o
    0x20010f76   0x0800b02c   0x00000002   PAD
    0x20010f78        -       0x00000004   Zero   RW           94    .bss.yaw            main.o
    0x20010f7c   0x0800b02c   0x00000004   PAD
    0x20010f80        -       0x00000200   Zero   RW         1590    HEAP                startup_stm32f746xx.o
    0x20011180        -       0x00000400   Zero   RW         1589    STACK               startup_stm32f746xx.o



  Load Region LR$$.bss.ARM.__at_0xC0000000 (Base: 0xc0000000, Size: 0x00000000, Max: 0x0003fc00, ABSOLUTE)

    Execution Region ER$$.bss.ARM.__at_0xC0000000 (Exec base: 0xc0000000, Load base: 0xc0000000, Size: 0x0003fc00, Max: 0x0003fc00, ABSOLUTE, UNINIT)

    Exec Addr    Load Addr    Size         Type   Attr      Idx    E Section Name        Object

    0xc0000000        -       0x0003fc00   Zero   RW          340    .bss.ARM.__at_0xC0000000  glcd_746g_discovery.o


==============================================================================

Image component sizes


      Code (inc. data)   RO Data    RW Data    ZI Data      Debug   Object Name

       636          0          0         40          5       5392   ft5336.o
      1044          0          0          2     261294      13083   glcd_746g_discovery.o
         0          0       5392          0          0       1162   glcd_fonts.o
     13582        256         18         12        244      56570   main.o
       152          0         84          0       2900       6012   rtx_conf_cm.o
        64         26        456          0       1536        948   startup_stm32f746xx.o
       508          0          0          0         76      18711   stm32746g_discovery.o
       652          0          0          0        193      10275   stm32746g_discovery_sdram.o
       550         58          0          0         46       8023   stm32746g_discovery_ts.o
       168          0          0          5          0       8242   stm32f7xx_hal.o
       202          0          0          0          0      11586   stm32f7xx_hal_cortex.o
       456          4          8          0          0       9994   stm32f7xx_hal_dma.o
       438          0          0          0          0       5531   stm32f7xx_hal_gpio.o
      1998          0          0          0          0      53212   stm32f7xx_hal_i2c.o
       146          0          0          0          0       5819   stm32f7xx_hal_i2c_ex.o
       632          0         32          0          0      15265   stm32f7xx_hal_ltdc.o
      1302          0          0          0          0       8567   stm32f7xx_hal_rcc.o
      1382          0          0          0          0       7483   stm32f7xx_hal_rcc_ex.o
       154          0          0          0          0      10565   stm32f7xx_hal_sdram.o
       394          0          0          0          0      59364   stm32f7xx_hal_tim.o
       204          0          0          0          0      22175   stm32f7xx_hal_tim_ex.o
       430          0          0          0          0      10444   stm32f7xx_ll_fmc.o
        18          0         16          4          0       3536   system_stm32f7xx.o
        82          0          0          0          0       2149   touch_746g_discovery.o

    ----------------------------------------------------------------------
     25512        348       6040         68     266316     354108   Object Totals
         0          0         32          0          0          0   (incl. Generated)
       318          4          2          5         22          0   (incl. Padding)

    ----------------------------------------------------------------------

      Code (inc. data)   RO Data    RW Data    ZI Data      Debug   Library Member Name

       268         24          0          1          0       4440   hal_cm.o
       408         34          0          0          0        812   hal_cm4.o
      1110        138          0          8          0      36325   rt_cmsis.o
        80          4          0          0          0        697   rt_event.o
       530         34          0          0         48       8589   rt_list.o
       554         10          0          0          0       4177   rt_mailbox.o
       140          0          0          0          0       2033   rt_membox.o
       128          0          0          0          0       2411   rt_memory.o
       336         14          0          0          0       1719   rt_mutex.o
        96         22          0          8          0       1230   rt_robin.o
        52          4          0          0          0        613   rt_semaphore.o
       298         52          0          8          0       6427   rt_system.o
      1216        174          0          8         52      10017   rt_task.o
         0          0          0          4          0        206   rt_time.o
         4          4          0          0          0        196   svc_table.o
         8          0          0          0          0         68   __main.o
       284          0          0          0          0        156   __printf_wp.o
         0          0          0          0          0          0   __rtentry.o
        20          0          0          0          0          0   __rtentry2.o
         6          0          0          0          0          0   __rtentry4.o
        52          8          0          0          0          0   __scatter.o
        26          0          0          0          0          0   __scatter_copy.o
        28          0          0          0          0          0   __scatter_zi.o
        48          6          0          0          0         96   _printf_char_common.o
         6          0          0          0          0          0   _printf_d.o
       120         16          0          0          0         92   _printf_dec.o
       178          0          0          0          0         88   _printf_intcommon.o
        78          0          0          0          0        108   _printf_pad.o
         0          0          0          0          0          0   _printf_percent.o
         4          0          0          0          0          0   _printf_percent_end.o
        22          0          0          0          0        100   _rserrno.o
        10          0          0          0          0         68   _sputc.o
        18          0          0          0          0         80   exit.o
         6          0          0          0          0        152   heapauxi.o
         0          0          0          0          0          0   indicate_semi.o
         2          0          0          0          0          0   libinit.o
         6          0          0          0          0          0   libinit2.o
         2          0          0          0          0          0   libshutdown.o
         2          0          0          0          0          0   libshutdown2.o
         8          4          0          0         96         68   libspace.o
       240          0          0          0          0        100   lludivv7m.o
        40          6          0          0          0         84   noretval__2sprintf.o
         4          0          0          0          0         68   rt_errno_addr_twolibspace.o
         2          0          0          0          0          0   rtexit.o
        10          0          0          0          0          0   rtexit2.o
        12          4          0          0          0         68   sys_exit.o
        74          0          0          0          0         80   sys_stackheap_outer.o
         2          0          0          0          0         68   use_no_semi.o
        24          0          0          0          0        164   basic.o
        98          4          0          0          0        140   d2f.o
       834         16          0          0          0        516   daddsub_clz.o
       692        140          0          0          0        264   ddiv.o
        94          4          0          0          0        140   dfix.o
        84          0          0          0          0        232   dflt_clz.o
       340         12          0          0          0        152   dmul.o
       156          4          0          0          0        140   dnaninf.o
        12          0          0          0          0        116   dretinf.o
       408         56          0          0          0        168   dsqrt_umaal.o
        86          4          0          0          0        132   f2d.o
       140          4          0          0          0        132   fnaninf.o
        26          0          0          0          0        116   fpinit.o
        10          0          0          0          0        116   fretinf.o
         0          0          0          0          0          0   usenofp.o
       728        106        152          0          0        228   atan.o
       200         20          0          0          0        164   cos.o
       368         46         48          0          0        200   cos_i.o
        84         16          0          0          0        372   dunder.o
        24          0          0          0          0        124   fabs.o
        48          0          0          0          0        124   fpclassify.o
       248          0          0          0          0        152   poly.o
      1080        142        204          0          0        188   rred.o
       200         20          0          0          0        164   sin.o
       304         24         40          0          0        208   sin_i.o
       122          0          0          0          0        148   sqrt.o

    ----------------------------------------------------------------------
     12992       1176        448         40        196      86036   Library Totals
        44          0          4          3          0          0   (incl. Padding)

    ----------------------------------------------------------------------

      Code (inc. data)   RO Data    RW Data    ZI Data      Debug   Library Name

      5220        514          0         37        100      79892   RTX_CM4.lib
      1318         44          0          0         96       1544   c_w.l
      3004        244          0          0          0       2528   fz_wm.l
      3406        374        444          0          0       2072   m_wm.l

    ----------------------------------------------------------------------
     12992       1176        448         40        196      86036   Library Totals

    ----------------------------------------------------------------------

==============================================================================


      Code (inc. data)   RO Data    RW Data    ZI Data      Debug   

     38504       1524       6488        108     266512     429396   Grand Totals
     38504       1524       6488        108     266512     429396   ELF Image Totals
     38504       1524       6488        108          0          0   ROM Totals

==============================================================================

    Total RO  Size (Code + RO Data)                44992 (  43.94kB)
    Total RW  Size (RW Data + ZI Data)            266620 ( 260.37kB)
    Total ROM Size (Code + RO Data + RW Data)      45100 (  44.04kB)

==============================================================================

